k6: gap 0.00033 maxdF 0.9923 BBmix {'call': 0.7122456471359927, 'fold': 0.12804759320388961, 'jam_30': 0.15968329765565234, 'raise_7': 2.3461518015316665e-05} unalloc -0.0038
k7: gap 0.00037 maxdF 0.9999 BBmix {'call': 0.7318117631402891, 'fold': 0.11183958230038406, 'jam_30': 0.1563433499845978, 'raise_7': 5.307533220415467e-06} unalloc 0.0229
+ python3 /home/user/t2/tools/gto_hu_continuation/solve_panel.py data/gto_hu_continuation/panel72/outer_v2_damped_a05/k8/terminal.json /home/user/t2/data/gto_hu_continuation/menu_m2_single_v1.json data/gto_hu_continuation/panel_v2_72.json data/gto_hu_continuation/panel72/outer_v2_damped_a05/k8/flops --postflop 1000 0.3 25 --workers 4 --threads 1
72 boards, 54 artifacts present (verified by the solver on reuse), 18 to solve; workers 4 x threads 1; MemAvailable 15.2 GB
{"board": "AcQc2c", "rc": 0, "wall_s": 0.1, "peak_rss_kb_wait4": 11884, "threads": 1, "workers": 4, "time": "2026-09-29T23:35:15", "status": "reused", "iterations": 125, "exploitability_pct_pot": 0.24993892516802507, "converged": true, "invariant_error_bb": 5.309093609184856e-09, "solve_s": 164.016044564}
{"board": "AcKc6c", "rc": 0, "wall_s": 0.1, "peak_rss_kb_wait4": 11884, "threads": 1, "workers": 4, "time": "2026-09-29T23:35:15", "status": "reused", "iterations": 125, "exploitability_pct_pot": 0.24756692721951437, "converged": true, "invariant_error_bb": -3.3909544505661415e-08, "solve_s": 164.596605066}
{"board": "AcTc3c", "rc": 0, "wall_s": 0.1, "peak_rss_kb_wait4": 11884, "threads": 1, "workers": 4, "time": "2026-09-29T23:35:15", "status": "reused", "iterations": 150, "exploitability_pct_pot": 0.24761971943010938, "converged": true, "invariant_error_bb": 1.997698895195299e-08, "solve_s": 196.197545776}
{"board": "AcJc6c", "rc": 0, "wall_s": 0.1, "peak_rss_kb_wait4": 11884, "threads": 1, "workers": 4, "time": "2026-09-29T23:35:15", "status": "reused", "iterations": 125, "exploitability_pct_pot": 0.24232867045376294, "converged": true, "invariant_error_bb": -4.511324647182846e-11, "solve_s": 163.639281063}
{"board": "Ac7c5c", "rc": 0, "wall_s": 0.0, "peak_rss_kb_wait4": 12012, "threads": 1, "workers": 4, "time": "2026-09-29T23:35:15", "status": "reused", "iterations": 125, "exploitability_pct_pot": 0.27519242975385055, "converged": true, "invariant_error_bb": -3.909460311035673e-09, "solve_s": 156.512278559}
{"board": "Ac8c6c", "rc": 0, "wall_s": 0.0, "peak_rss_kb_wait4": 12012, "threads": 1, "workers": 4, "time": "2026-09-29T23:35:15", "status": "reused", "iterations": 125, "exploitability_pct_pot": 0.2621620537240708, "converged": true, "invariant_error_bb": -2.1881318090777313e-08, "solve_s": 156.456282565}
{"board": "Jc6c2c", "rc": 0, "wall_s": 0.0, "peak_rss_kb_wait4": 12012, "threads": 1, "workers": 4, "time": "2026-09-29T23:35:15", "status": "reused", "iterations": 125, "exploitability_pct_pot": 0.2817071359184166, "converged": true, "invariant_error_bb": 5.820696546976478e-08, "solve_s": 154.390555084}
{"board": "JcTc3c", "rc": 0, "wall_s": 0.0, "peak_rss_kb_wait4": 12012, "threads": 1, "workers": 4, "time": "2026-09-29T23:35:15", "status": "reused", "iterations": 125, "exploitability_pct_pot": 0.2282210159325615, "converged": true, "invariant_error_bb": 3.638428669461291e-08, "solve_s": 154.184756435}
{"board": "Tc8c6c", "rc": 0, "wall_s": 0.0, "peak_rss_kb_wait4": 12012, "threads": 1, "workers": 4, "time": "2026-09-29T23:35:15", "status": "reused", "iterations": 125, "exploitability_pct_pot": 0.25360222423226025, "converged": true, "invariant_error_bb": -2.6528669039294073e-08, "solve_s": 152.448999885}
{"board": "Tc5c2c", "rc": 0, "wall_s": 0.0, "peak_rss_kb_wait4": 12012, "threads": 1, "workers": 4, "time": "2026-09-29T23:35:15", "status": "reused", "iterations": 125, "exploitability_pct_pot": 0.2865426906877744, "converged": true, "invariant_error_bb": 8.081073854526721e-08, "solve_s": 149.424011612}
{"board": "Tc9c7c", "rc": 0, "wall_s": 0.0, "peak_rss_kb_wait4": 12012, "threads": 1, "workers": 4, "time": "2026-09-29T23:35:15", "status": "reused", "iterations": 125, "exploitability_pct_pot": 0.24247878265322761, "converged": true, "invariant_error_bb": 2.6000440911388978e-08, "solve_s": 156.143770416}
{"board": "Jc7c6c", "rc": 0, "wall_s": 0.0, "peak_rss_kb_wait4": 12012, "threads": 1, "workers": 4, "time": "2026-09-29T23:35:15", "status": "reused", "iterations": 125, "exploitability_pct_pot": 0.246193278029711, "converged": true, "invariant_error_bb": -1.1861589932493644e-08, "solve_s": 152.736708268}
{"board": "KcQc6c", "rc": 0, "wall_s": 0.0, "peak_rss_kb_wait4": 12012, "threads": 1, "workers": 4, "time": "2026-09-29T23:35:15", "status": "reused", "iterations": 125, "exploitability_pct_pot": 0.2330784624818495, "converged": true, "invariant_error_bb": 1.8706167281834496e-08, "solve_s": 153.710535055}
{"board": "Qc5c4c", "rc": 0, "wall_s": 0.0, "peak_rss_kb_wait4": 12012, "threads": 1, "workers": 4, "time": "2026-09-29T23:35:15", "status": "reused", "iterations": 150, "exploitability_pct_pot": 0.23531763955729454, "converged": true, "invariant_error_bb": -6.5655605396841565e-09, "solve_s": 183.58980565200002}
{"board": "KcQcJc", "rc": 0, "wall_s": 0.0, "peak_rss_kb_wait4": 12140, "threads": 1, "workers": 4, "time": "2026-09-29T23:35:15", "status": "reused", "iterations": 125, "exploitability_pct_pot": 0.21615920510341366, "converged": true, "invariant_error_bb": -7.240734234414958e-09, "solve_s": 153.184235215}
{"board": "Kc4c2c", "rc": 0, "wall_s": 0.0, "peak_rss_kb_wait4": 12140, "threads": 1, "workers": 4, "time": "2026-09-29T23:35:15", "status": "reused", "iterations": 150, "exploitability_pct_pot": 0.24967325504882928, "converged": true, "invariant_error_bb": 5.240483602619861e-10, "solve_s": 185.242830424}
{"board": "Qc5c2c", "rc": 0, "wall_s": 0.0, "peak_rss_kb_wait4": 12012, "threads": 1, "workers": 4, "time": "2026-09-29T23:35:15", "status": "reused", "iterations": 150, "exploitability_pct_pot": 0.25933758867683443, "converged": true, "invariant_error_bb": 3.2937440330726986e-08, "solve_s": 184.04329765}
{"board": "AdAc9c", "rc": 0, "wall_s": 0.0, "peak_rss_kb_wait4": 12140, "threads": 1, "workers": 4, "time": "2026-09-29T23:35:15", "status": "reused", "iterations": 125, "exploitability_pct_pot": 0.18039720124993372, "converged": true, "invariant_error_bb": -1.4144029059082186e-08, "solve_s": 318.823643687}
{"board": "AdAcKc", "rc": 0, "wall_s": 0.0, "peak_rss_kb_wait4": 12140, "threads": 1, "workers": 4, "time": "2026-09-29T23:35:15", "status": "reused", "iterations": 125, "exploitability_pct_pot": 0.19355564375564355, "converged": true, "invariant_error_bb": -1.0252961946122241e-07, "solve_s": 308.351324348}
{"board": "AdAcTh", "rc": 0, "wall_s": 0.0, "peak_rss_kb_wait4": 12140, "threads": 1, "workers": 4, "time": "2026-09-29T23:35:15", "status": "reused", "iterations": 125, "exploitability_pct_pot": 0.1837622246996462, "converged": true, "invariant_error_bb": -5.793345358995339e-09, "solve_s": 523.785057882}
{"board": "Ac2h2d", "rc": 0, "wall_s": 0.0, "peak_rss_kb_wait4": 12140, "threads": 1, "workers": 4, "time": "2026-09-29T23:35:15", "status": "reused", "iterations": 175, "exploitability_pct_pot": 0.2683460090514789, "converged": true, "invariant_error_bb": -2.2922954201476387e-08, "solve_s": 718.973839283}
{"board": "AdAc3c", "rc": 0, "wall_s": 0.0, "peak_rss_kb_wait4": 12140, "threads": 1, "workers": 4, "time": "2026-09-29T23:35:15", "status": "reused", "iterations": 125, "exploitability_pct_pot": 0.23432758235880546, "converged": true, "invariant_error_bb": 1.3362584816434264e-08, "solve_s": 321.310052323}
{"board": "JdJc3c", "rc": 0, "wall_s": 0.0, "peak_rss_kb_wait4": 12140, "threads": 1, "workers": 4, "time": "2026-09-29T23:35:15", "status": "reused", "iterations": 100, "exploitability_pct_pot": 0.2160108840798919, "converged": true, "invariant_error_bb": -4.887628612948447e-08, "solve_s": 260.563888928}
{"board": "Ac3d3c", "rc": 0, "wall_s": 0.0, "peak_rss_kb_wait4": 12140, "threads": 1, "workers": 4, "time": "2026-09-29T23:35:15", "status": "reused", "iterations": 150, "exploitability_pct_pot": 0.2467583077499038, "converged": true, "invariant_error_bb": -3.2784441827971023e-09, "solve_s": 382.673626095}
{"board": "Kc9c6c", "rc": 0, "wall_s": 0.0, "peak_rss_kb_wait4": 12140, "threads": 1, "workers": 4, "time": "2026-09-29T23:35:15", "status": "reused", "iterations": 125, "exploitability_pct_pot": 0.24592144155376572, "converged": true, "invariant_error_bb": -2.8818631925275895e-08, "solve_s": 151.693621782}
{"board": "Jc7h7d", "rc": 0, "wall_s": 0.0, "peak_rss_kb_wait4": 12140, "threads": 1, "workers": 4, "time": "2026-09-29T23:35:15", "status": "reused", "iterations": 150, "exploitability_pct_pot": 0.29479194761078104, "converged": true, "invariant_error_bb": -1.1521842147033112e-08, "solve_s": 595.873645179}
{"board": "6d6c3c", "rc": 0, "wall_s": 0.0, "peak_rss_kb_wait4": 12140, "threads": 1, "workers": 4, "time": "2026-09-29T23:35:15", "status": "reused", "iterations": 125, "exploitability_pct_pot": 0.23681359790914933, "converged": true, "invariant_error_bb": 3.596595021804205e-08, "solve_s": 315.708787008}
{"board": "6c5d5c", "rc": 0, "wall_s": 0.0, "peak_rss_kb_wait4": 12140, "threads": 1, "workers": 4, "time": "2026-09-29T23:35:15", "status": "reused", "iterations": 125, "exploitability_pct_pot": 0.2336361956144087, "converged": true, "invariant_error_bb": -1.3673730592245192e-08, "solve_s": 317.15195744}
{"board": "9c7h7d", "rc": 0, "wall_s": 0.0, "peak_rss_kb_wait4": 12140, "threads": 1, "workers": 4, "time": "2026-09-29T23:35:15", "status": "reused", "iterations": 125, "exploitability_pct_pot": 0.2596323113433961, "converged": true, "invariant_error_bb": -1.752361011853054e-08, "solve_s": 494.001402273}
{"board": "5c2d2c", "rc": 0, "wall_s": 0.0, "peak_rss_kb_wait4": 12140, "threads": 1, "workers": 4, "time": "2026-09-29T23:35:15", "status": "reused", "iterations": 125, "exploitability_pct_pot": 0.2232496381047545, "converged": true, "invariant_error_bb": 2.475726290640523e-08, "solve_s": 298.452228003}
{"board": "KcJhJd", "rc": 0, "wall_s": 0.0, "peak_rss_kb_wait4": 12140, "threads": 1, "workers": 4, "time": "2026-09-29T23:35:15", "status": "reused", "iterations": 125, "exploitability_pct_pot": 0.291070569502927, "converged": true, "invariant_error_bb": 2.2103677999041338e-08, "solve_s": 491.029976491}
{"board": "Kc3d3c", "rc": 0, "wall_s": 0.0, "peak_rss_kb_wait4": 12140, "threads": 1, "workers": 4, "time": "2026-09-29T23:35:15", "status": "reused", "iterations": 125, "exploitability_pct_pot": 0.29004753460341137, "converged": true, "invariant_error_bb": -3.568316930824267e-08, "solve_s": 290.924049954}
{"board": "QdQc7h", "rc": 0, "wall_s": 0.0, "peak_rss_kb_wait4": 12140, "threads": 1, "workers": 4, "time": "2026-09-29T23:35:15", "status": "reused", "iterations": 125, "exploitability_pct_pot": 0.27921755436629864, "converged": true, "invariant_error_bb": -3.395789427429463e-09, "solve_s": 472.028925122}
{"board": "QdQc5c", "rc": 0, "wall_s": 0.0, "peak_rss_kb_wait4": 12140, "threads": 1, "workers": 4, "time": "2026-09-29T23:35:15", "status": "reused", "iterations": 125, "exploitability_pct_pot": 0.25034249380156665, "converged": true, "invariant_error_bb": -2.2948549727175305e-09, "solve_s": 299.103354004}
{"board": "KdKc6h", "rc": 0, "wall_s": 0.0, "peak_rss_kb_wait4": 12140, "threads": 1, "workers": 4, "time": "2026-09-29T23:35:15", "status": "reused", "iterations": 125, "exploitability_pct_pot": 0.29393714708647195, "converged": true, "invariant_error_bb": -8.06565658706404e-09, "solve_s": 694.129978394}
{"board": "KdKc4c", "rc": 0, "wall_s": 0.0, "peak_rss_kb_wait4": 12140, "threads": 1, "workers": 4, "time": "2026-09-29T23:35:15", "status": "reused", "iterations": 150, "exploitability_pct_pot": 0.2694826232197361, "converged": true, "invariant_error_bb": -3.802736614488822e-08, "solve_s": 522.991633378}
{"board": "Ac4d3h", "rc": 0, "wall_s": 0.0, "peak_rss_kb_wait4": 12140, "threads": 1, "workers": 4, "time": "2026-09-29T23:35:15", "status": "reused", "iterations": 100, "exploitability_pct_pot": 0.2731490308040288, "converged": true, "invariant_error_bb": -2.7163822302611607e-08, "solve_s": 564.184554504}
{"board": "Ac4d2h", "rc": 0, "wall_s": 0.0, "peak_rss_kb_wait4": 12140, "threads": 1, "workers": 4, "time": "2026-09-29T23:35:15", "status": "reused", "iterations": 100, "exploitability_pct_pot": 0.2441400811652339, "converged": true, "invariant_error_bb": -1.692221474058897e-08, "solve_s": 550.278461781}
{"board": "AcKd8h", "rc": 0, "wall_s": 0.0, "peak_rss_kb_wait4": 12140, "threads": 1, "workers": 4, "time": "2026-09-29T23:35:15", "status": "reused", "iterations": 125, "exploitability_pct_pot": 0.18947788799465612, "converged": true, "invariant_error_bb": 4.012852361512387e-08, "solve_s": 696.140116089}
{"board": "AcKd5h", "rc": 0, "wall_s": 0.0, "peak_rss_kb_wait4": 12140, "threads": 1, "workers": 4, "time": "2026-09-29T23:35:15", "status": "reused", "iterations": 125, "exploitability_pct_pot": 0.2435155806371164, "converged": true, "invariant_error_bb": 2.551128908123701e-08, "solve_s": 691.802950673}
{"board": "Ac3d2h", "rc": 0, "wall_s": 0.0, "peak_rss_kb_wait4": 12140, "threads": 1, "workers": 4, "time": "2026-09-29T23:35:15", "status": "reused", "iterations": 100, "exploitability_pct_pot": 0.24490581555946675, "converged": true, "invariant_error_bb": -4.1892482371963524e-08, "solve_s": 540.058067877}
{"board": "Tc9d5h", "rc": 0, "wall_s": 0.0, "peak_rss_kb_wait4": 12140, "threads": 1, "workers": 4, "time": "2026-09-29T23:35:15", "status": "reused", "iterations": 100, "exploitability_pct_pot": 0.275944271390428, "converged": true, "invariant_error_bb": -4.129285358089874e-09, "solve_s": 552.319103946}
{"board": "9c7d4h", "rc": 0, "wall_s": 0.0, "peak_rss_kb_wait4": 12140, "threads": 1, "workers": 4, "time": "2026-09-29T23:35:15", "status": "reused", "iterations": 125, "exploitability_pct_pot": 0.2207850856574661, "converged": true, "invariant_error_bb": 4.106669670989049e-09, "solve_s": 691.617259568}
{"board": "JcTd7h", "rc": 0, "wall_s": 0.0, "peak_rss_kb_wait4": 12140, "threads": 1, "workers": 4, "time": "2026-09-29T23:35:15", "status": "reused", "iterations": 100, "exploitability_pct_pot": 0.2653011984236912, "converged": true, "invariant_error_bb": -3.3003551891397365e-08, "solve_s": 560.302750902}
{"board": "Ac8d4h", "rc": 0, "wall_s": 0.0, "peak_rss_kb_wait4": 12140, "threads": 1, "workers": 4, "time": "2026-09-29T23:35:15", "status": "reused", "iterations": 125, "exploitability_pct_pot": 0.20552932897236376, "converged": true, "invariant_error_bb": -4.483308657654561e-08, "solve_s": 687.277773558}
{"board": "8c7d4h", "rc": 0, "wall_s": 0.0, "peak_rss_kb_wait4": 12140, "threads": 1, "workers": 4, "time": "2026-09-29T23:35:15", "status": "reused", "iterations": 125, "exploitability_pct_pot": 0.2161906321356054, "converged": true, "invariant_error_bb": -4.072952641820393e-09, "solve_s": 693.349968586}
{"board": "Tc5d4h", "rc": 0, "wall_s": 0.0, "peak_rss_kb_wait4": 12140, "threads": 1, "workers": 4, "time": "2026-09-29T23:35:15", "status": "reused", "iterations": 100, "exploitability_pct_pot": 0.29082575562189195, "converged": true, "invariant_error_bb": 1.9431762865451674e-09, "solve_s": 558.18691524}
{"board": "Kc7d4h", "rc": 0, "wall_s": 0.0, "peak_rss_kb_wait4": 12140, "threads": 1, "workers": 4, "time": "2026-09-29T23:35:15", "status": "reused", "iterations": 125, "exploitability_pct_pot": 0.20689878878274195, "converged": true, "invariant_error_bb": -2.602024551379145e-08, "solve_s": 682.158453522}
{"board": "Qc8d6h", "rc": 0, "wall_s": 0.0, "peak_rss_kb_wait4": 12140, "threads": 1, "workers": 4, "time": "2026-09-29T23:35:15", "status": "reused", "iterations": 125, "exploitability_pct_pot": 0.23522022740595327, "converged": true, "invariant_error_bb": -9.455596305940617e-09, "solve_s": 654.767295065}
{"board": "KcTd9h", "rc": 0, "wall_s": 0.0, "peak_rss_kb_wait4": 12140, "threads": 1, "workers": 4, "time": "2026-09-29T23:35:15", "status": "reused", "iterations": 100, "exploitability_pct_pot": 0.23498563225695354, "converged": true, "invariant_error_bb": -1.9849046850595187e-08, "solve_s": 555.422025237}
{"board": "KcTd5h", "rc": 0, "wall_s": 0.0, "peak_rss_kb_wait4": 12140, "threads": 1, "workers": 4, "time": "2026-09-29T23:35:15", "status": "reused", "iterations": 150, "exploitability_pct_pot": 0.19977099733626322, "converged": true, "invariant_error_bb": -2.0862213290229192e-08, "solve_s": 781.115453628}
{"board": "Tc6d5h", "rc": 0, "wall_s": 0.0, "peak_rss_kb_wait4": 12140, "threads": 1, "workers": 4, "time": "2026-09-29T23:35:15", "status": "reused", "iterations": 100, "exploitability_pct_pot": 0.2826332598427643, "converged": true, "invariant_error_bb": -1.674888938651975e-08, "solve_s": 554.685048874}
{"board": "Kc6d3h", "rc": 0, "wall_s": 0.0, "peak_rss_kb_wait4": 12140, "threads": 1, "workers": 4, "time": "2026-09-29T23:35:15", "status": "reused", "iterations": 100, "exploitability_pct_pot": 0.29010863043730745, "converged": true, "invariant_error_bb": -3.451946994914579e-08, "solve_s": 517.911410144}
{"board": "Qc8d2h", "rc": 0, "wall_s": 0.0, "peak_rss_kb_wait4": 12140, "threads": 1, "workers": 4, "time": "2026-09-29T23:35:15", "status": "reused", "iterations": 125, "exploitability_pct_pot": 0.25298505293743573, "converged": true, "invariant_error_bb": -3.416445792936429e-09, "solve_s": 653.440026953}
{"board": "AcKd5d", "rc": 0, "wall_s": 350.9, "peak_rss_kb_wait4": 2171464, "threads": 1, "workers": 4, "time": "2026-09-29T23:41:06", "status": "solved", "iterations": 100, "exploitability_pct_pot": 0.29355067012532493, "converged": true, "invariant_error_bb": -4.279248599914354e-08, "solve_s": 342.902568905}
{"board": "AcQdJc", "rc": 0, "wall_s": 352.0, "peak_rss_kb_wait4": 2172036, "threads": 1, "workers": 4, "time": "2026-09-29T23:41:07", "status": "solved", "iterations": 100, "exploitability_pct_pot": 0.26694117081656527, "converged": true, "invariant_error_bb": -3.1548081480536894e-08, "solve_s": 344.029119264}
{"board": "Ac9c8d", "rc": 0, "wall_s": 352.5, "peak_rss_kb_wait4": 2171248, "threads": 1, "workers": 4, "time": "2026-09-29T23:41:07", "status": "solved", "iterations": 100, "exploitability_pct_pot": 0.25938614425196477, "converged": true, "invariant_error_bb": -2.8927329864814055e-08, "solve_s": 344.28404405}
{"board": "Ac8d2d", "rc": 0, "wall_s": 431.3, "peak_rss_kb_wait4": 2172028, "threads": 1, "workers": 4, "time": "2026-09-29T23:42:26", "status": "solved", "iterations": 125, "exploitability_pct_pot": 0.2126568265538011, "converged": true, "invariant_error_bb": -2.367954543558426e-08, "solve_s": 423.323387435}
{"board": "6c4d3d", "rc": 0, "wall_s": 336.2, "peak_rss_kb_wait4": 2169672, "threads": 1, "workers": 4, "time": "2026-09-29T23:46:44", "status": "solved", "iterations": 100, "exploitability_pct_pot": 0.28342836375222596, "converged": true, "invariant_error_bb": -2.0629230768065554e-08, "solve_s": 329.00533505}
{"board": "AcTd7d", "rc": 0, "wall_s": 340.2, "peak_rss_kb_wait4": 2171104, "threads": 1, "workers": 4, "time": "2026-09-29T23:46:47", "status": "solved", "iterations": 100, "exploitability_pct_pot": 0.28364851570386845, "converged": true, "invariant_error_bb": -5.174351613845829e-08, "solve_s": 332.806365325}
{"board": "AcJc3d", "rc": 0, "wall_s": 421.6, "peak_rss_kb_wait4": 2171604, "threads": 1, "workers": 4, "time": "2026-09-29T23:48:07", "status": "solved", "iterations": 125, "exploitability_pct_pot": 0.2039767172409683, "converged": true, "invariant_error_bb": 1.4175052243103892e-09, "solve_s": 414.225869476}
{"board": "8c4d3d", "rc": 0, "wall_s": 418.0, "peak_rss_kb_wait4": 2172144, "threads": 1, "workers": 4, "time": "2026-09-29T23:49:24", "status": "solved", "iterations": 125, "exploitability_pct_pot": 0.22720894250338944, "converged": true, "invariant_error_bb": 4.4396024634352216e-09, "solve_s": 410.708787125}
{"board": "7c6d2d", "rc": 0, "wall_s": 411.8, "peak_rss_kb_wait4": 2171520, "threads": 1, "workers": 4, "time": "2026-09-29T23:53:35", "status": "solved", "iterations": 125, "exploitability_pct_pot": 0.20996134046536896, "converged": true, "invariant_error_bb": 4.441446321834519e-09, "solve_s": 404.465221924}
{"board": "8c4d2d", "rc": 0, "wall_s": 414.1, "peak_rss_kb_wait4": 2169472, "threads": 1, "workers": 4, "time": "2026-09-29T23:53:41", "status": "solved", "iterations": 125, "exploitability_pct_pot": 0.2255110433567843, "converged": true, "invariant_error_bb": -2.2394562648742067e-08, "solve_s": 406.985475951}
{"board": "6c3c2d", "rc": 0, "wall_s": 407.0, "peak_rss_kb_wait4": 2173976, "threads": 1, "workers": 4, "time": "2026-09-29T23:54:54", "status": "solved", "iterations": 125, "exploitability_pct_pot": 0.20803979264058625, "converged": true, "invariant_error_bb": -2.660076425797797e-08, "solve_s": 399.654955037}
{"board": "9c7d4d", "rc": 0, "wall_s": 413.9, "peak_rss_kb_wait4": 2172012, "threads": 1, "workers": 4, "time": "2026-09-29T23:56:18", "status": "solved", "iterations": 125, "exploitability_pct_pot": 0.21666365410553415, "converged": true, "invariant_error_bb": -1.2748119004868386e-08, "solve_s": 406.19422396}
{"board": "Kc5d2d", "rc": 0, "wall_s": 333.8, "peak_rss_kb_wait4": 2169548, "threads": 1, "workers": 4, "time": "2026-09-30T00:00:28", "status": "solved", "iterations": 100, "exploitability_pct_pot": 0.2949028561458289, "converged": true, "invariant_error_bb": -4.416769172621571e-09, "solve_s": 326.403726488}
{"board": "Qc4d3c", "rc": 0, "wall_s": 413.8, "peak_rss_kb_wait4": 2169860, "threads": 1, "workers": 4, "time": "2026-09-30T00:00:35", "status": "solved", "iterations": 125, "exploitability_pct_pot": 0.22934979510892203, "converged": true, "invariant_error_bb": -1.3956006128523768e-08, "solve_s": 407.440348689}
{"board": "Qc9d7d", "rc": 0, "wall_s": 423.1, "peak_rss_kb_wait4": 2171828, "threads": 1, "workers": 4, "time": "2026-09-30T00:00:39", "status": "solved", "iterations": 125, "exploitability_pct_pot": 0.21697165851686442, "converged": true, "invariant_error_bb": -2.2035803404207854e-08, "solve_s": 415.44487711}
{"board": "Kc8d6c", "rc": 0, "wall_s": 423.1, "peak_rss_kb_wait4": 2171780, "threads": 1, "workers": 4, "time": "2026-09-30T00:03:21", "status": "solved", "iterations": 125, "exploitability_pct_pot": 0.20622651995585237, "converged": true, "invariant_error_bb": 7.517907185672357e-09, "solve_s": 415.416062704}
{"board": "Kc6d3d", "rc": 0, "wall_s": 339.6, "peak_rss_kb_wait4": 2171864, "threads": 1, "workers": 4, "time": "2026-09-30T00:06:08", "status": "solved", "iterations": 100, "exploitability_pct_pot": 0.28157785685909026, "converged": true, "invariant_error_bb": 1.2865584153587406e-09, "solve_s": 332.248732587}
{"board": "Qc9d6d", "rc": 0, "wall_s": 425.2, "peak_rss_kb_wait4": 2174164, "threads": 1, "workers": 4, "time": "2026-09-30T00:07:40", "status": "solved", "iterations": 125, "exploitability_pct_pot": 0.221734211022699, "converged": true, "invariant_error_bb": 1.5218237336966922e-08, "solve_s": 417.866954906}
finished in 32.4 min; failed: []
+ python3 /home/user/t2/tools/gto_hu_continuation/aggregate.py data/gto_hu_continuation/panel72/outer_v2_damped_a05/k8/terminal.json data/gto_hu_continuation/panel_v2_72.json data/gto_hu_continuation/panel72/outer_v2_damped_a05/k8/flops data/gto_hu_continuation/panel72/outer_v2_damped_a05/k8/table_measured.json --outer 8 --boot 2000 --estimator ht_rho
table data/gto_hu_continuation/panel72/outer_v2_damped_a05/k8/table_measured.json unallocated -0.0098 bb expl max 0.295% BTN ci±0.301 br-eps max 0.018 BB ci±0.422 br-eps max 0.028
k8: gap 0.00042 maxdF 0.9978 BBmix {'call': 0.7541996238755875, 'fold': 0.09963960650619184, 'jam_30': 0.14615700790438274, 'raise_7': 3.7700824730412204e-06} unalloc -0.0135
+ /home/user/t2/vendor/gtopen/target/release/examples/t2_cont_terminal /home/user/t2/data/gto_hu_continuation/cfg_4h_mr4_30bb.json 400 fold,raise,fold,call data/gto_hu_continuation/panel72/outer_v2_damped_a05/k9/terminal.json
gap 0.00046  pot 5.5  spr 5.091  hash "d8707f750f1f9ec2"
+ python3 /home/user/t2/tools/gto_hu_continuation/solve_panel.py data/gto_hu_continuation/panel72/outer_v2_damped_a05/k9/terminal.json /home/user/t2/data/gto_hu_continuation/menu_m2_single_v1.json data/gto_hu_continuation/panel_v2_72.json data/gto_hu_continuation/panel72/outer_v2_damped_a05/k9/flops --postflop 1000 0.3 25 --workers 4 --threads 1
72 boards, 0 artifacts present (verified by the solver on reuse), 72 to solve; workers 4 x threads 1; MemAvailable 15.2 GB
{"board": "AcQc2c", "rc": 0, "wall_s": 217.5, "peak_rss_kb_wait4": 2173744, "threads": 1, "workers": 4, "time": "2026-09-30T00:12:11", "status": "solved", "iterations": 125, "exploitability_pct_pot": 0.2500796146112518, "converged": true, "invariant_error_bb": -3.50811113492e-08, "solve_s": 209.193365792}
{"board": "AcJc6c", "rc": 0, "wall_s": 218.6, "peak_rss_kb_wait4": 2168732, "threads": 1, "workers": 4, "time": "2026-09-30T00:12:12", "status": "solved", "iterations": 125, "exploitability_pct_pot": 0.23849619647121523, "converged": true, "invariant_error_bb": -4.9244607502885174e-08, "solve_s": 210.315524016}
{"board": "AcTc3c", "rc": 0, "wall_s": 218.9, "peak_rss_kb_wait4": 2168988, "threads": 1, "workers": 4, "time": "2026-09-30T00:12:12", "status": "solved", "iterations": 125, "exploitability_pct_pot": 0.24967805880748176, "converged": true, "invariant_error_bb": -2.2213180628227747e-08, "solve_s": 210.538302135}
{"board": "AcKc6c", "rc": 0, "wall_s": 219.3, "peak_rss_kb_wait4": 2168572, "threads": 1, "workers": 4, "time": "2026-09-30T00:12:13", "status": "solved", "iterations": 125, "exploitability_pct_pot": 0.2543945985780116, "converged": true, "invariant_error_bb": -7.861712347789762e-08, "solve_s": 210.815351236}
{"board": "Ac8c6c", "rc": 0, "wall_s": 205.5, "peak_rss_kb_wait4": 2171756, "threads": 1, "workers": 4, "time": "2026-09-30T00:15:38", "status": "solved", "iterations": 125, "exploitability_pct_pot": 0.2546403060880831, "converged": true, "invariant_error_bb": 1.4172002238410641e-08, "solve_s": 197.877810978}
{"board": "Tc9c7c", "rc": 0, "wall_s": 206.4, "peak_rss_kb_wait4": 2169596, "threads": 1, "workers": 4, "time": "2026-09-30T00:15:39", "status": "solved", "iterations": 125, "exploitability_pct_pot": 0.24106701492329577, "converged": true, "invariant_error_bb": -5.185081697334226e-08, "solve_s": 198.866194639}
{"board": "Ac7c5c", "rc": 0, "wall_s": 243.4, "peak_rss_kb_wait4": 2173912, "threads": 1, "workers": 4, "time": "2026-09-30T00:16:14", "status": "solved", "iterations": 150, "exploitability_pct_pot": 0.26350529362690484, "converged": true, "invariant_error_bb": -1.1629556873060665e-08, "solve_s": 235.745436256}
{"board": "Jc6c2c", "rc": 0, "wall_s": 244.9, "peak_rss_kb_wait4": 2169756, "threads": 1, "workers": 4, "time": "2026-09-30T00:16:18", "status": "solved", "iterations": 150, "exploitability_pct_pot": 0.2599181585029546, "converged": true, "invariant_error_bb": -4.298695710502898e-08, "solve_s": 239.230765699}
{"board": "JcTc3c", "rc": 0, "wall_s": 204.1, "peak_rss_kb_wait4": 2169016, "threads": 1, "workers": 4, "time": "2026-09-30T00:19:03", "status": "solved", "iterations": 125, "exploitability_pct_pot": 0.25115349766550066, "converged": true, "invariant_error_bb": -6.4921099607317956e-09, "solve_s": 196.654984637}
{"board": "Tc8c6c", "rc": 0, "wall_s": 206.1, "peak_rss_kb_wait4": 2169384, "threads": 1, "workers": 4, "time": "2026-09-30T00:19:40", "status": "solved", "iterations": 125, "exploitability_pct_pot": 0.2677179835950515, "converged": true, "invariant_error_bb": 2.4926574582195826e-08, "solve_s": 198.417059489}
{"board": "Tc5c2c", "rc": 0, "wall_s": 243.6, "peak_rss_kb_wait4": 2171476, "threads": 1, "workers": 4, "time": "2026-09-30T00:19:41", "status": "solved", "iterations": 150, "exploitability_pct_pot": 0.2685331415248929, "converged": true, "invariant_error_bb": -9.97011539993764e-09, "solve_s": 235.94698976}
{"board": "Jc7c6c", "rc": 0, "wall_s": 205.6, "peak_rss_kb_wait4": 2169484, "threads": 1, "workers": 4, "time": "2026-09-30T00:19:43", "status": "solved", "iterations": 125, "exploitability_pct_pot": 0.27305886919979677, "converged": true, "invariant_error_bb": -4.216824400771202e-08, "solve_s": 199.681166346}
{"board": "Qc5c4c", "rc": 0, "wall_s": 208.4, "peak_rss_kb_wait4": 2169656, "threads": 1, "workers": 4, "time": "2026-09-30T00:23:10", "status": "solved", "iterations": 125, "exploitability_pct_pot": 0.2666219315649769, "converged": true, "invariant_error_bb": -1.649914516121953e-08, "solve_s": 200.460706939}
{"board": "Qc5c2c", "rc": 0, "wall_s": 247.1, "peak_rss_kb_wait4": 2171472, "threads": 1, "workers": 4, "time": "2026-09-30T00:23:10", "status": "solved", "iterations": 150, "exploitability_pct_pot": 0.2710893339072878, "converged": true, "invariant_error_bb": 4.402367537181817e-08, "solve_s": 239.07339749}
{"board": "Kc9c6c", "rc": 0, "wall_s": 206.9, "peak_rss_kb_wait4": 2168684, "threads": 1, "workers": 4, "time": "2026-09-30T00:23:10", "status": "solved", "iterations": 125, "exploitability_pct_pot": 0.25754395109067535, "converged": true, "invariant_error_bb": -5.6874043252719275e-09, "solve_s": 198.986547308}
{"board": "KcQc6c", "rc": 0, "wall_s": 209.8, "peak_rss_kb_wait4": 2169288, "threads": 1, "workers": 4, "time": "2026-09-30T00:23:10", "status": "solved", "iterations": 125, "exploitability_pct_pot": 0.24246264132841144, "converged": true, "invariant_error_bb": -3.5927083530395976e-09, "solve_s": 201.901719134}
{"board": "KcQcJc", "rc": 0, "wall_s": 207.1, "peak_rss_kb_wait4": 2171736, "threads": 1, "workers": 4, "time": "2026-09-30T00:26:37", "status": "solved", "iterations": 125, "exploitability_pct_pot": 0.22803055483238335, "converged": true, "invariant_error_bb": 3.6777041856339565e-08, "solve_s": 199.478738592}
{"board": "Kc4c2c", "rc": 0, "wall_s": 244.0, "peak_rss_kb_wait4": 2174100, "threads": 1, "workers": 4, "time": "2026-09-30T00:27:14", "status": "solved", "iterations": 150, "exploitability_pct_pot": 0.2310579788508359, "converged": true, "invariant_error_bb": 3.342770860115252e-08, "solve_s": 236.341454864}
{"board": "AdAcKc", "rc": 0, "wall_s": 420.8, "peak_rss_kb_wait4": 2169392, "threads": 1, "workers": 4, "time": "2026-09-30T00:30:11", "status": "solved", "iterations": 125, "exploitability_pct_pot": 0.25964391195453745, "converged": true, "invariant_error_bb": 2.7442244920905523e-08, "solve_s": 413.366522883}
{"board": "AdAc9c", "rc": 0, "wall_s": 421.1, "peak_rss_kb_wait4": 2171928, "threads": 1, "workers": 4, "time": "2026-09-30T00:30:11", "status": "solved", "iterations": 125, "exploitability_pct_pot": 0.20478541853162277, "converged": true, "invariant_error_bb": 4.7263137403774635e-08, "solve_s": 413.537946159}
{"board": "AdAc3c", "rc": 0, "wall_s": 426.0, "peak_rss_kb_wait4": 2169364, "threads": 1, "workers": 4, "time": "2026-09-30T00:34:20", "status": "solved", "iterations": 125, "exploitability_pct_pot": 0.28121542423438634, "converged": true, "invariant_error_bb": -2.932236409236566e-08, "solve_s": 418.404890616}
{"board": "AdAcTh", "rc": 0, "wall_s": 695.8, "peak_rss_kb_wait4": 2171900, "threads": 1, "workers": 4, "time": "2026-09-30T00:38:13", "status": "solved", "iterations": 125, "exploitability_pct_pot": 0.2093530115590194, "converged": true, "invariant_error_bb": -8.313636890022735e-09, "solve_s": 686.017106323}
{"board": "Ac3d3c", "rc": 0, "wall_s": 507.9, "peak_rss_kb_wait4": 2169268, "threads": 1, "workers": 4, "time": "2026-09-30T00:38:39", "status": "solved", "iterations": 150, "exploitability_pct_pot": 0.23522989778076733, "converged": true, "invariant_error_bb": -3.1205686035207236e-08, "solve_s": 499.946063675}
{"board": "JdJc3c", "rc": 0, "wall_s": 339.1, "peak_rss_kb_wait4": 2170088, "threads": 1, "workers": 4, "time": "2026-09-30T00:39:59", "status": "solved", "iterations": 100, "exploitability_pct_pot": 0.200628922497794, "converged": true, "invariant_error_bb": -3.161071226998047e-08, "solve_s": 331.59864759}
{"board": "6d6c3c", "rc": 0, "wall_s": 430.6, "peak_rss_kb_wait4": 2169952, "threads": 1, "workers": 4, "time": "2026-09-30T00:45:23", "status": "solved", "iterations": 125, "exploitability_pct_pot": 0.2425843245422882, "converged": true, "invariant_error_bb": 2.4074141791174952e-08, "solve_s": 423.101121841}
{"board": "Ac2h2d", "rc": 0, "wall_s": 949.5, "peak_rss_kb_wait4": 2171672, "threads": 1, "workers": 4, "time": "2026-09-30T00:46:00", "status": "solved", "iterations": 175, "exploitability_pct_pot": 0.25071569023264006, "converged": true, "invariant_error_bb": -2.8004867758113505e-08, "solve_s": 939.895108384}
{"board": "6c5d5c", "rc": 0, "wall_s": 430.7, "peak_rss_kb_wait4": 2169432, "threads": 1, "workers": 4, "time": "2026-09-30T00:47:10", "status": "solved", "iterations": 125, "exploitability_pct_pot": 0.23089921843959274, "converged": true, "invariant_error_bb": -2.567839452183307e-08, "solve_s": 423.209975175}
{"board": "5c2d2c", "rc": 0, "wall_s": 429.0, "peak_rss_kb_wait4": 2169476, "threads": 1, "workers": 4, "time": "2026-09-30T00:53:09", "status": "solved", "iterations": 125, "exploitability_pct_pot": 0.2384999838641072, "converged": true, "invariant_error_bb": -5.4108342695258216e-08, "solve_s": 421.325653753}
{"board": "Jc7h7d", "rc": 0, "wall_s": 960.8, "peak_rss_kb_wait4": 2171784, "threads": 1, "workers": 4, "time": "2026-09-30T00:54:40", "status": "solved", "iterations": 175, "exploitability_pct_pot": 0.23864465639574076, "converged": true, "invariant_error_bb": -2.207953020416653e-08, "solve_s": 951.098764294}
{"board": "9c7h7d", "rc": 0, "wall_s": 706.8, "peak_rss_kb_wait4": 2172124, "threads": 1, "workers": 4, "time": "2026-09-30T00:57:10", "status": "solved", "iterations": 125, "exploitability_pct_pot": 0.2661899807963507, "converged": true, "invariant_error_bb": -1.2598722953782726e-08, "solve_s": 697.0031365}
{"board": "Kc3d3c", "rc": 0, "wall_s": 427.2, "peak_rss_kb_wait4": 2169560, "threads": 1, "workers": 4, "time": "2026-09-30T01:00:17", "status": "solved", "iterations": 125, "exploitability_pct_pot": 0.2844818943454099, "converged": true, "invariant_error_bb": -5.920175460971677e-09, "solve_s": 419.580376929}
{"board": "KcJhJd", "rc": 0, "wall_s": 837.9, "peak_rss_kb_wait4": 2172024, "threads": 1, "workers": 4, "time": "2026-09-30T01:01:08", "status": "solved", "iterations": 150, "exploitability_pct_pot": 0.26562829866011134, "converged": true, "invariant_error_bb": -3.0762628000502446e-09, "solve_s": 828.145240907}
{"board": "QdQc5c", "rc": 0, "wall_s": 421.2, "peak_rss_kb_wait4": 2170092, "threads": 1, "workers": 4, "time": "2026-09-30T01:04:11", "status": "solved", "iterations": 125, "exploitability_pct_pot": 0.28714672808061975, "converged": true, "invariant_error_bb": -2.1177054776444493e-08, "solve_s": 413.811244065}
{"board": "KdKc4c", "rc": 0, "wall_s": 504.8, "peak_rss_kb_wait4": 2170044, "threads": 1, "workers": 4, "time": "2026-09-30T01:09:32", "status": "solved", "iterations": 150, "exploitability_pct_pot": 0.22194806526800928, "converged": true, "invariant_error_bb": 2.2166890545349816e-09, "solve_s": 497.255516662}
{"board": "Ac4d3h", "rc": 0, "wall_s": 551.6, "peak_rss_kb_wait4": 2169832, "threads": 1, "workers": 4, "time": "2026-09-30T01:13:23", "status": "solved", "iterations": 100, "exploitability_pct_pot": 0.25630228857476023, "converged": true, "invariant_error_bb": 4.0526515476813074e-10, "solve_s": 542.46864146}
{"board": "KdKc6h", "rc": 0, "wall_s": 805.0, "peak_rss_kb_wait4": 2169984, "threads": 1, "workers": 4, "time": "2026-09-30T01:13:42", "status": "solved", "iterations": 150, "exploitability_pct_pot": 0.28571224164979575, "converged": true, "invariant_error_bb": -3.031392648011888e-08, "solve_s": 795.693944217}
{"board": "QdQc7h", "rc": 0, "wall_s": 1215.1, "peak_rss_kb_wait4": 2171892, "threads": 1, "workers": 4, "time": "2026-09-30T01:14:55", "status": "solved", "iterations": 225, "exploitability_pct_pot": 0.23247599715949, "converged": true, "invariant_error_bb": -4.137803255588324e-08, "solve_s": 1205.287335904}
{"board": "Ac4d2h", "rc": 0, "wall_s": 544.5, "peak_rss_kb_wait4": 2171972, "threads": 1, "workers": 4, "time": "2026-09-30T01:18:37", "status": "solved", "iterations": 100, "exploitability_pct_pot": 0.24828125565499282, "converged": true, "invariant_error_bb": -3.902861323012985e-08, "solve_s": 535.270060957}
{"board": "AcKd8h", "rc": 0, "wall_s": 694.6, "peak_rss_kb_wait4": 2171892, "threads": 1, "workers": 4, "time": "2026-09-30T01:24:57", "status": "solved", "iterations": 125, "exploitability_pct_pot": 0.19668186146341735, "converged": true, "invariant_error_bb": 3.3328406701116364e-09, "solve_s": 685.331323552}
{"board": "AcKd5h", "rc": 0, "wall_s": 690.6, "peak_rss_kb_wait4": 2169780, "threads": 1, "workers": 4, "time": "2026-09-30T01:25:12", "status": "solved", "iterations": 125, "exploitability_pct_pot": 0.2871341176629198, "converged": true, "invariant_error_bb": -2.890415551348724e-08, "solve_s": 681.451118304}
{"board": "Ac8d4h", "rc": 0, "wall_s": 679.0, "peak_rss_kb_wait4": 2172076, "threads": 1, "workers": 4, "time": "2026-09-30T01:26:14", "status": "solved", "iterations": 125, "exploitability_pct_pot": 0.21959060105353503, "converged": true, "invariant_error_bb": -9.930269939673053e-09, "solve_s": 669.815836977}
{"board": "Ac3d2h", "rc": 0, "wall_s": 545.1, "peak_rss_kb_wait4": 2171828, "threads": 1, "workers": 4, "time": "2026-09-30T01:27:42", "status": "solved", "iterations": 100, "exploitability_pct_pot": 0.24555513844690982, "converged": true, "invariant_error_bb": 2.4120137886995963e-08, "solve_s": 535.654583115}
{"board": "Tc9d5h", "rc": 0, "wall_s": 548.8, "peak_rss_kb_wait4": 2172100, "threads": 1, "workers": 4, "time": "2026-09-30T01:34:06", "status": "solved", "iterations": 100, "exploitability_pct_pot": 0.2639953709572525, "converged": true, "invariant_error_bb": -2.3158773565512547e-08, "solve_s": 539.449749809}
{"board": "9c7d4h", "rc": 0, "wall_s": 683.8, "peak_rss_kb_wait4": 2172020, "threads": 1, "workers": 4, "time": "2026-09-30T01:36:36", "status": "solved", "iterations": 125, "exploitability_pct_pot": 0.22173123363003125, "converged": true, "invariant_error_bb": 6.850026323945713e-09, "solve_s": 674.484547662}
{"board": "JcTd7h", "rc": 0, "wall_s": 548.2, "peak_rss_kb_wait4": 2169860, "threads": 1, "workers": 4, "time": "2026-09-30T01:36:50", "status": "solved", "iterations": 100, "exploitability_pct_pot": 0.24963129310334023, "converged": true, "invariant_error_bb": 2.6930724317253407e-09, "solve_s": 538.740149955}
{"board": "8c7d4h", "rc": 0, "wall_s": 676.5, "peak_rss_kb_wait4": 2172008, "threads": 1, "workers": 4, "time": "2026-09-30T01:37:30", "status": "solved", "iterations": 125, "exploitability_pct_pot": 0.20691876164269474, "converged": true, "invariant_error_bb": -1.5970039513035772e-08, "solve_s": 666.91221179}
{"board": "Tc5d4h", "rc": 0, "wall_s": 551.1, "peak_rss_kb_wait4": 2171964, "threads": 1, "workers": 4, "time": "2026-09-30T01:43:17", "status": "solved", "iterations": 100, "exploitability_pct_pot": 0.28021534437517065, "converged": true, "invariant_error_bb": -2.8222447490122704e-08, "solve_s": 541.56830063}
{"board": "Tc6d5h", "rc": 0, "wall_s": 554.0, "peak_rss_kb_wait4": 2172148, "threads": 1, "workers": 4, "time": "2026-09-30T01:45:50", "status": "solved", "iterations": 100, "exploitability_pct_pot": 0.28649410317715646, "converged": true, "invariant_error_bb": 3.4086671263366952e-09, "solve_s": 544.445233695}
{"board": "KcTd9h", "rc": 0, "wall_s": 560.1, "peak_rss_kb_wait4": 2170036, "threads": 1, "workers": 4, "time": "2026-09-30T01:46:51", "status": "solved", "iterations": 100, "exploitability_pct_pot": 0.2484850832525819, "converged": true, "invariant_error_bb": -2.992448155936245e-08, "solve_s": 550.534699232}
{"board": "Kc7d4h", "rc": 0, "wall_s": 691.7, "peak_rss_kb_wait4": 2172088, "threads": 1, "workers": 4, "time": "2026-09-30T01:48:22", "status": "solved", "iterations": 125, "exploitability_pct_pot": 0.21674199600304578, "converged": true, "invariant_error_bb": -2.321358927304118e-08, "solve_s": 682.23869049}
{"board": "Qc8d6h", "rc": 0, "wall_s": 687.6, "peak_rss_kb_wait4": 2172180, "threads": 1, "workers": 4, "time": "2026-09-30T01:54:45", "status": "solved", "iterations": 125, "exploitability_pct_pot": 0.24438702963365458, "converged": true, "invariant_error_bb": 1.6815908665535062e-09, "solve_s": 678.163763944}
{"board": "Kc6d3h", "rc": 0, "wall_s": 548.5, "peak_rss_kb_wait4": 2169976, "threads": 1, "workers": 4, "time": "2026-09-30T01:55:59", "status": "solved", "iterations": 100, "exploitability_pct_pot": 0.2794404340414669, "converged": true, "invariant_error_bb": -1.33195303675393e-08, "solve_s": 538.639752098}
{"board": "KcTd5h", "rc": 0, "wall_s": 691.9, "peak_rss_kb_wait4": 2171952, "threads": 1, "workers": 4, "time": "2026-09-30T01:57:22", "status": "solved", "iterations": 125, "exploitability_pct_pot": 0.18321226907706292, "converged": true, "invariant_error_bb": -2.2586252867995427e-08, "solve_s": 682.418622872}
{"board": "Qc8d2h", "rc": 0, "wall_s": 691.7, "peak_rss_kb_wait4": 2171936, "threads": 1, "workers": 4, "time": "2026-09-30T01:59:54", "status": "solved", "iterations": 125, "exploitability_pct_pot": 0.23208658713111344, "converged": true, "invariant_error_bb": -1.6964349924819544e-09, "solve_s": 681.829959742}
{"board": "AcQdJc", "rc": 0, "wall_s": 348.8, "peak_rss_kb_wait4": 2171772, "threads": 1, "workers": 4, "time": "2026-09-30T02:00:34", "status": "solved", "iterations": 100, "exploitability_pct_pot": 0.270437407936078, "converged": true, "invariant_error_bb": -2.9219245689660056e-08, "solve_s": 341.157012375}
{"board": "AcKd5d", "rc": 0, "wall_s": 344.2, "peak_rss_kb_wait4": 2173860, "threads": 1, "workers": 4, "time": "2026-09-30T02:01:43", "status": "solved", "iterations": 100, "exploitability_pct_pot": 0.2643995070246213, "converged": true, "invariant_error_bb": 4.224465222080198e-09, "solve_s": 336.672495386}
{"board": "Ac8d2d", "rc": 0, "wall_s": 435.3, "peak_rss_kb_wait4": 2172100, "threads": 1, "workers": 4, "time": "2026-09-30T02:04:37", "status": "solved", "iterations": 125, "exploitability_pct_pot": 0.252746265874728, "converged": true, "invariant_error_bb": -3.372467727302819e-08, "solve_s": 427.42176836}
{"board": "Ac9c8d", "rc": 0, "wall_s": 348.8, "peak_rss_kb_wait4": 2174056, "threads": 1, "workers": 4, "time": "2026-09-30T02:05:42", "status": "solved", "iterations": 100, "exploitability_pct_pot": 0.23897575677586605, "converged": true, "invariant_error_bb": -1.4108080925723243e-08, "solve_s": 340.856185877}
{"board": "AcJc3d", "rc": 0, "wall_s": 346.9, "peak_rss_kb_wait4": 2170812, "threads": 1, "workers": 4, "time": "2026-09-30T02:06:21", "status": "solved", "iterations": 100, "exploitability_pct_pot": 0.26090603482314856, "converged": true, "invariant_error_bb": -1.4032156769872017e-08, "solve_s": 338.804785281}
{"board": "AcTd7d", "rc": 0, "wall_s": 348.9, "peak_rss_kb_wait4": 2174116, "threads": 1, "workers": 4, "time": "2026-09-30T02:07:32", "status": "solved", "iterations": 100, "exploitability_pct_pot": 0.2860911098063705, "converged": true, "invariant_error_bb": -5.3872406979849075e-08, "solve_s": 341.057411264}
{"board": "6c4d3d", "rc": 0, "wall_s": 343.9, "peak_rss_kb_wait4": 2171924, "threads": 1, "workers": 4, "time": "2026-09-30T02:10:21", "status": "solved", "iterations": 100, "exploitability_pct_pot": 0.2659010403773059, "converged": true, "invariant_error_bb": 2.6138593511859654e-09, "solve_s": 336.008377702}
{"board": "8c4d3d", "rc": 0, "wall_s": 428.2, "peak_rss_kb_wait4": 2172136, "threads": 1, "workers": 4, "time": "2026-09-30T02:12:51", "status": "solved", "iterations": 125, "exploitability_pct_pot": 0.22491200638173184, "converged": true, "invariant_error_bb": -1.575836527933916e-08, "solve_s": 420.1988363}
{"board": "7c6d2d", "rc": 0, "wall_s": 432.8, "peak_rss_kb_wait4": 2172192, "threads": 1, "workers": 4, "time": "2026-09-30T02:13:33", "status": "solved", "iterations": 125, "exploitability_pct_pot": 0.2189152319450514, "converged": true, "invariant_error_bb": 4.733188951888678e-09, "solve_s": 425.02295900699994}
{"board": "8c4d2d", "rc": 0, "wall_s": 432.3, "peak_rss_kb_wait4": 2172004, "threads": 1, "workers": 4, "time": "2026-09-30T02:14:45", "status": "solved", "iterations": 125, "exploitability_pct_pot": 0.2263826025811544, "converged": true, "invariant_error_bb": -1.534900917476989e-08, "solve_s": 424.603999772}
{"board": "6c3c2d", "rc": 0, "wall_s": 347.9, "peak_rss_kb_wait4": 2174028, "threads": 1, "workers": 4, "time": "2026-09-30T02:16:09", "status": "solved", "iterations": 100, "exploitability_pct_pot": 0.2858108491856548, "converged": true, "invariant_error_bb": 1.1559065704602745e-08, "solve_s": 340.195025797}
{"board": "9c7d4d", "rc": 0, "wall_s": 434.0, "peak_rss_kb_wait4": 2171944, "threads": 1, "workers": 4, "time": "2026-09-30T02:20:05", "status": "solved", "iterations": 125, "exploitability_pct_pot": 0.21859492224837285, "converged": true, "invariant_error_bb": -1.569607110951665e-08, "solve_s": 426.103589543}
{"board": "Qc9d7d", "rc": 0, "wall_s": 436.8, "peak_rss_kb_wait4": 2172028, "threads": 1, "workers": 4, "time": "2026-09-30T02:20:50", "status": "solved", "iterations": 125, "exploitability_pct_pot": 0.21598105379019092, "converged": true, "invariant_error_bb": -2.2973368096756985e-08, "solve_s": 429.027805882}
{"board": "Kc5d2d", "rc": 0, "wall_s": 345.9, "peak_rss_kb_wait4": 2169540, "threads": 1, "workers": 4, "time": "2026-09-30T02:21:55", "status": "solved", "iterations": 100, "exploitability_pct_pot": 0.28912835777097257, "converged": true, "invariant_error_bb": -3.53624773907768e-08, "solve_s": 338.226542048}
{"board": "Qc4d3c", "rc": 0, "wall_s": 433.3, "peak_rss_kb_wait4": 2171908, "threads": 1, "workers": 4, "time": "2026-09-30T02:21:58", "status": "solved", "iterations": 125, "exploitability_pct_pot": 0.22008229720737407, "converged": true, "invariant_error_bb": -2.3257639369944627e-08, "solve_s": 425.747398948}
{"board": "Kc6d3d", "rc": 0, "wall_s": 348.6, "peak_rss_kb_wait4": 2169740, "threads": 1, "workers": 4, "time": "2026-09-30T02:26:39", "status": "solved", "iterations": 100, "exploitability_pct_pot": 0.2778516939159597, "converged": true, "invariant_error_bb": 2.4126176612071504e-09, "solve_s": 340.645290574}
{"board": "Kc8d6c", "rc": 0, "wall_s": 432.3, "peak_rss_kb_wait4": 2171808, "threads": 1, "workers": 4, "time": "2026-09-30T02:27:17", "status": "solved", "iterations": 125, "exploitability_pct_pot": 0.21191497274583734, "converged": true, "invariant_error_bb": -4.139125753255257e-08, "solve_s": 424.78990244}
{"board": "Qc9d6d", "rc": 0, "wall_s": 431.4, "peak_rss_kb_wait4": 2174060, "threads": 1, "workers": 4, "time": "2026-09-30T02:29:06", "status": "solved", "iterations": 125, "exploitability_pct_pot": 0.22120082538703364, "converged": true, "invariant_error_bb": 2.2887776118807324e-08, "solve_s": 423.896217063}
finished in 140.5 min; failed: []
+ python3 /home/user/t2/tools/gto_hu_continuation/aggregate.py data/gto_hu_continuation/panel72/outer_v2_damped_a05/k9/terminal.json data/gto_hu_continuation/panel_v2_72.json data/gto_hu_continuation/panel72/outer_v2_damped_a05/k9/flops data/gto_hu_continuation/panel72/outer_v2_damped_a05/k9/table_measured.json --outer 9 --boot 2000 --estimator ht_rho
table data/gto_hu_continuation/panel72/outer_v2_damped_a05/k9/table_measured.json unallocated -0.0105 bb expl max 0.289% BTN ci±0.302 br-eps max 0.018 BB ci±0.427 br-eps max 0.029
k9: gap 0.00046 maxdF 0.9884 BBmix {'call': 0.7558590464926892, 'fold': 0.09990535320769403, 'jam_30': 0.144232891388268, 'raise_7': 2.7168801109351026e-06} unalloc -0.0106
