k6: gap 0.00033 maxdF 0.9923 BBmix {'call': 0.7122456471359927, 'fold': 0.12804759320388961, 'jam_30': 0.15968329765565234, 'raise_7': 2.3461518015316665e-05} unalloc -0.0038
k7: gap 0.00037 maxdF 0.9999 BBmix {'call': 0.7318117631402891, 'fold': 0.11183958230038406, 'jam_30': 0.1563433499845978, 'raise_7': 5.307533220415467e-06} unalloc 0.0229
+ python3 /home/user/t2/tools/gto_hu_continuation/solve_panel.py data/gto_hu_continuation/panel72/outer_v2_damped_a05/k8/terminal.json /home/user/t2/data/gto_hu_continuation/menu_m2_single_v1.json data/gto_hu_continuation/panel_v2_72.json data/gto_hu_continuation/panel72/outer_v2_damped_a05/k8/flops --postflop 1000 0.3 25 --workers 4 --threads 1
72 boards, 34 artifacts present (verified by the solver on reuse), 38 to solve; workers 4 x threads 1; MemAvailable 15.3 GB
{"board": "AcTc3c", "rc": 0, "wall_s": 0.0, "peak_rss_kb_wait4": 12032, "threads": 1, "workers": 4, "time": "2026-09-29T22:38:36", "status": "reused", "iterations": 150, "exploitability_pct_pot": 0.24761971943010938, "converged": true, "invariant_error_bb": 1.997698895195299e-08, "solve_s": 196.197545776}
{"board": "Ac7c5c", "rc": 0, "wall_s": 0.0, "peak_rss_kb_wait4": 12164, "threads": 1, "workers": 4, "time": "2026-09-29T22:38:36", "status": "reused", "iterations": 125, "exploitability_pct_pot": 0.27519242975385055, "converged": true, "invariant_error_bb": -3.909460311035673e-09, "solve_s": 156.512278559}
{"board": "AcJc6c", "rc": 0, "wall_s": 0.0, "peak_rss_kb_wait4": 12032, "threads": 1, "workers": 4, "time": "2026-09-29T22:38:36", "status": "reused", "iterations": 125, "exploitability_pct_pot": 0.24232867045376294, "converged": true, "invariant_error_bb": -4.511324647182846e-11, "solve_s": 163.639281063}
{"board": "AcQc2c", "rc": 0, "wall_s": 0.0, "peak_rss_kb_wait4": 12032, "threads": 1, "workers": 4, "time": "2026-09-29T22:38:36", "status": "reused", "iterations": 125, "exploitability_pct_pot": 0.24993892516802507, "converged": true, "invariant_error_bb": 5.309093609184856e-09, "solve_s": 164.016044564}
{"board": "Ac8c6c", "rc": 0, "wall_s": 0.0, "peak_rss_kb_wait4": 12292, "threads": 1, "workers": 4, "time": "2026-09-29T22:38:36", "status": "reused", "iterations": 125, "exploitability_pct_pot": 0.2621620537240708, "converged": true, "invariant_error_bb": -2.1881318090777313e-08, "solve_s": 156.456282565}
{"board": "AcKc6c", "rc": 0, "wall_s": 0.0, "peak_rss_kb_wait4": 12032, "threads": 1, "workers": 4, "time": "2026-09-29T22:38:36", "status": "reused", "iterations": 125, "exploitability_pct_pot": 0.24756692721951437, "converged": true, "invariant_error_bb": -3.3909544505661415e-08, "solve_s": 164.596605066}
{"board": "Tc9c7c", "rc": 0, "wall_s": 0.0, "peak_rss_kb_wait4": 12292, "threads": 1, "workers": 4, "time": "2026-09-29T22:38:36", "status": "reused", "iterations": 125, "exploitability_pct_pot": 0.24247878265322761, "converged": true, "invariant_error_bb": 2.6000440911388978e-08, "solve_s": 156.143770416}
{"board": "Tc5c2c", "rc": 0, "wall_s": 0.0, "peak_rss_kb_wait4": 12292, "threads": 1, "workers": 4, "time": "2026-09-29T22:38:36", "status": "reused", "iterations": 125, "exploitability_pct_pot": 0.2865426906877744, "converged": true, "invariant_error_bb": 8.081073854526721e-08, "solve_s": 149.424011612}
{"board": "JcTc3c", "rc": 0, "wall_s": 0.0, "peak_rss_kb_wait4": 12292, "threads": 1, "workers": 4, "time": "2026-09-29T22:38:36", "status": "reused", "iterations": 125, "exploitability_pct_pot": 0.2282210159325615, "converged": true, "invariant_error_bb": 3.638428669461291e-08, "solve_s": 154.184756435}
{"board": "Jc7c6c", "rc": 0, "wall_s": 0.0, "peak_rss_kb_wait4": 12292, "threads": 1, "workers": 4, "time": "2026-09-29T22:38:36", "status": "reused", "iterations": 125, "exploitability_pct_pot": 0.246193278029711, "converged": true, "invariant_error_bb": -1.1861589932493644e-08, "solve_s": 152.736708268}
{"board": "Qc5c2c", "rc": 0, "wall_s": 0.0, "peak_rss_kb_wait4": 12292, "threads": 1, "workers": 4, "time": "2026-09-29T22:38:36", "status": "reused", "iterations": 150, "exploitability_pct_pot": 0.25933758867683443, "converged": true, "invariant_error_bb": 3.2937440330726986e-08, "solve_s": 184.04329765}
{"board": "Jc6c2c", "rc": 0, "wall_s": 0.0, "peak_rss_kb_wait4": 12292, "threads": 1, "workers": 4, "time": "2026-09-29T22:38:36", "status": "reused", "iterations": 125, "exploitability_pct_pot": 0.2817071359184166, "converged": true, "invariant_error_bb": 5.820696546976478e-08, "solve_s": 154.390555084}
{"board": "KcQc6c", "rc": 0, "wall_s": 0.0, "peak_rss_kb_wait4": 12292, "threads": 1, "workers": 4, "time": "2026-09-29T22:38:36", "status": "reused", "iterations": 125, "exploitability_pct_pot": 0.2330784624818495, "converged": true, "invariant_error_bb": 1.8706167281834496e-08, "solve_s": 153.710535055}
{"board": "Qc5c4c", "rc": 0, "wall_s": 0.0, "peak_rss_kb_wait4": 12292, "threads": 1, "workers": 4, "time": "2026-09-29T22:38:36", "status": "reused", "iterations": 150, "exploitability_pct_pot": 0.23531763955729454, "converged": true, "invariant_error_bb": -6.5655605396841565e-09, "solve_s": 183.58980565200002}
{"board": "Kc9c6c", "rc": 0, "wall_s": 0.0, "peak_rss_kb_wait4": 12292, "threads": 1, "workers": 4, "time": "2026-09-29T22:38:36", "status": "reused", "iterations": 125, "exploitability_pct_pot": 0.24592144155376572, "converged": true, "invariant_error_bb": -2.8818631925275895e-08, "solve_s": 151.693621782}
{"board": "KcQcJc", "rc": 0, "wall_s": 0.0, "peak_rss_kb_wait4": 12292, "threads": 1, "workers": 4, "time": "2026-09-29T22:38:36", "status": "reused", "iterations": 125, "exploitability_pct_pot": 0.21615920510341366, "converged": true, "invariant_error_bb": -7.240734234414958e-09, "solve_s": 153.184235215}
{"board": "Kc4c2c", "rc": 0, "wall_s": 0.0, "peak_rss_kb_wait4": 12292, "threads": 1, "workers": 4, "time": "2026-09-29T22:38:36", "status": "reused", "iterations": 150, "exploitability_pct_pot": 0.24967325504882928, "converged": true, "invariant_error_bb": 5.240483602619861e-10, "solve_s": 185.242830424}
{"board": "AdAc9c", "rc": 0, "wall_s": 0.0, "peak_rss_kb_wait4": 12292, "threads": 1, "workers": 4, "time": "2026-09-29T22:38:36", "status": "reused", "iterations": 125, "exploitability_pct_pot": 0.18039720124993372, "converged": true, "invariant_error_bb": -1.4144029059082186e-08, "solve_s": 318.823643687}
{"board": "AdAcKc", "rc": 0, "wall_s": 0.0, "peak_rss_kb_wait4": 12292, "threads": 1, "workers": 4, "time": "2026-09-29T22:38:36", "status": "reused", "iterations": 125, "exploitability_pct_pot": 0.19355564375564355, "converged": true, "invariant_error_bb": -1.0252961946122241e-07, "solve_s": 308.351324348}
{"board": "AdAcTh", "rc": 0, "wall_s": 0.0, "peak_rss_kb_wait4": 12292, "threads": 1, "workers": 4, "time": "2026-09-29T22:38:36", "status": "reused", "iterations": 125, "exploitability_pct_pot": 0.1837622246996462, "converged": true, "invariant_error_bb": -5.793345358995339e-09, "solve_s": 523.785057882}
{"board": "AdAc3c", "rc": 0, "wall_s": 0.0, "peak_rss_kb_wait4": 12292, "threads": 1, "workers": 4, "time": "2026-09-29T22:38:36", "status": "reused", "iterations": 125, "exploitability_pct_pot": 0.23432758235880546, "converged": true, "invariant_error_bb": 1.3362584816434264e-08, "solve_s": 321.310052323}
{"board": "Tc8c6c", "rc": 0, "wall_s": 0.0, "peak_rss_kb_wait4": 12292, "threads": 1, "workers": 4, "time": "2026-09-29T22:38:36", "status": "reused", "iterations": 125, "exploitability_pct_pot": 0.25360222423226025, "converged": true, "invariant_error_bb": -2.6528669039294073e-08, "solve_s": 152.448999885}
{"board": "Ac2h2d", "rc": 0, "wall_s": 0.0, "peak_rss_kb_wait4": 12292, "threads": 1, "workers": 4, "time": "2026-09-29T22:38:36", "status": "reused", "iterations": 175, "exploitability_pct_pot": 0.2683460090514789, "converged": true, "invariant_error_bb": -2.2922954201476387e-08, "solve_s": 718.973839283}
{"board": "Ac3d3c", "rc": 0, "wall_s": 0.0, "peak_rss_kb_wait4": 12292, "threads": 1, "workers": 4, "time": "2026-09-29T22:38:36", "status": "reused", "iterations": 150, "exploitability_pct_pot": 0.2467583077499038, "converged": true, "invariant_error_bb": -3.2784441827971023e-09, "solve_s": 382.673626095}
{"board": "JdJc3c", "rc": 0, "wall_s": 0.0, "peak_rss_kb_wait4": 12292, "threads": 1, "workers": 4, "time": "2026-09-29T22:38:36", "status": "reused", "iterations": 100, "exploitability_pct_pot": 0.2160108840798919, "converged": true, "invariant_error_bb": -4.887628612948447e-08, "solve_s": 260.563888928}
{"board": "6d6c3c", "rc": 0, "wall_s": 0.0, "peak_rss_kb_wait4": 12292, "threads": 1, "workers": 4, "time": "2026-09-29T22:38:36", "status": "reused", "iterations": 125, "exploitability_pct_pot": 0.23681359790914933, "converged": true, "invariant_error_bb": 3.596595021804205e-08, "solve_s": 315.708787008}
{"board": "Jc7h7d", "rc": 0, "wall_s": 0.0, "peak_rss_kb_wait4": 12292, "threads": 1, "workers": 4, "time": "2026-09-29T22:38:36", "status": "reused", "iterations": 150, "exploitability_pct_pot": 0.29479194761078104, "converged": true, "invariant_error_bb": -1.1521842147033112e-08, "solve_s": 595.873645179}
{"board": "6c5d5c", "rc": 0, "wall_s": 0.0, "peak_rss_kb_wait4": 12292, "threads": 1, "workers": 4, "time": "2026-09-29T22:38:36", "status": "reused", "iterations": 125, "exploitability_pct_pot": 0.2336361956144087, "converged": true, "invariant_error_bb": -1.3673730592245192e-08, "solve_s": 317.15195744}
{"board": "9c7h7d", "rc": 0, "wall_s": 0.0, "peak_rss_kb_wait4": 12292, "threads": 1, "workers": 4, "time": "2026-09-29T22:38:36", "status": "reused", "iterations": 125, "exploitability_pct_pot": 0.2596323113433961, "converged": true, "invariant_error_bb": -1.752361011853054e-08, "solve_s": 494.001402273}
{"board": "5c2d2c", "rc": 0, "wall_s": 0.0, "peak_rss_kb_wait4": 12292, "threads": 1, "workers": 4, "time": "2026-09-29T22:38:36", "status": "reused", "iterations": 125, "exploitability_pct_pot": 0.2232496381047545, "converged": true, "invariant_error_bb": 2.475726290640523e-08, "solve_s": 298.452228003}
{"board": "KcJhJd", "rc": 0, "wall_s": 0.0, "peak_rss_kb_wait4": 12292, "threads": 1, "workers": 4, "time": "2026-09-29T22:38:36", "status": "reused", "iterations": 125, "exploitability_pct_pot": 0.291070569502927, "converged": true, "invariant_error_bb": 2.2103677999041338e-08, "solve_s": 491.029976491}
{"board": "Kc3d3c", "rc": 0, "wall_s": 0.0, "peak_rss_kb_wait4": 12292, "threads": 1, "workers": 4, "time": "2026-09-29T22:38:36", "status": "reused", "iterations": 125, "exploitability_pct_pot": 0.29004753460341137, "converged": true, "invariant_error_bb": -3.568316930824267e-08, "solve_s": 290.924049954}
{"board": "QdQc7h", "rc": 0, "wall_s": 0.0, "peak_rss_kb_wait4": 12292, "threads": 1, "workers": 4, "time": "2026-09-29T22:38:36", "status": "reused", "iterations": 125, "exploitability_pct_pot": 0.27921755436629864, "converged": true, "invariant_error_bb": -3.395789427429463e-09, "solve_s": 472.028925122}
{"board": "QdQc5c", "rc": 0, "wall_s": 0.0, "peak_rss_kb_wait4": 12292, "threads": 1, "workers": 4, "time": "2026-09-29T22:38:36", "status": "reused", "iterations": 125, "exploitability_pct_pot": 0.25034249380156665, "converged": true, "invariant_error_bb": -2.2948549727175305e-09, "solve_s": 299.103354004}
