6|monotone/A|1 {'CO': -0.0, 'BTN': -0.0, 'SB': -0.0, 'BB': -0.0}
6|monotone/A|2 {'CO': 0.0, 'BTN': 0.0, 'SB': 1e-05, 'BB': 0.0}
6|monotone/A|3 {'CO': 0.0, 'BTN': 0.0, 'SB': 0.0, 'BB': 0.0}
6|monotone/A|4 {'CO': -0.0, 'BTN': 0.0, 'SB': 1e-05, 'BB': 0.0}
6|monotone/A|5 {'CO': -0.0, 'BTN': 0.0, 'SB': 2e-05, 'BB': 0.0}
6|monotone/A|6 {'CO': 0.0, 'BTN': 0.0, 'SB': 0.0, 'BB': 0.0}
6|monotone/A|7 {'CO': 0.0, 'BTN': 0.0, 'SB': 1e-05, 'BB': 0.0}
6|monotone/A|8 {'CO': 0.0, 'BTN': 0.0, 'SB': 1e-05, 'BB': 0.0}
6|monotone/J_or_lower|1 {'CO': -0.0, 'BTN': 0.0, 'SB': 1e-05, 'BB': 0.0}
6|monotone/J_or_lower|2 {'CO': 0.0, 'BTN': 0.0, 'SB': 2e-05, 'BB': 1e-05}
6|monotone/J_or_lower|3 {'CO': 0.0, 'BTN': 0.0, 'SB': 1e-05, 'BB': 1e-05}
6|monotone/J_or_lower|4 {'CO': 0.0, 'BTN': 0.0, 'SB': 3e-05, 'BB': 2e-05}
6|monotone/J_or_lower|5 {'CO': -0.0, 'BTN': 0.0, 'SB': 2e-05, 'BB': 1e-05}
6|monotone/J_or_lower|6 {'CO': 0.0, 'BTN': 0.0, 'SB': 1e-05, 'BB': 1e-05}
6|monotone/J_or_lower|7 {'CO': 0.0, 'BTN': 0.0, 'SB': 1e-05, 'BB': 0.0}
6|monotone/J_or_lower|8 {'CO': 0.0, 'BTN': 0.0, 'SB': 0.0, 'BB': 0.0}
6|monotone/KQ|1 {'CO': -0.0, 'BTN': 0.0, 'SB': 0.0, 'BB': 0.0}
6|monotone/KQ|2 {'CO': 0.0, 'BTN': 0.0, 'SB': 0.0, 'BB': 1e-05}
6|monotone/KQ|3 {'CO': -0.0, 'BTN': 0.0, 'SB': 1e-05, 'BB': 0.0}
6|monotone/KQ|4 {'CO': -0.0, 'BTN': 0.0, 'SB': 0.0, 'BB': 0.0}
6|monotone/KQ|5 {'CO': -0.0, 'BTN': 0.0, 'SB': 1e-05, 'BB': -0.0}
6|monotone/KQ|6 {'CO': -0.0, 'BTN': 0.0, 'SB': 0.0, 'BB': 0.0}
6|monotone/KQ|7 {'CO': 0.0, 'BTN': 0.0, 'SB': 0.0, 'BB': 1e-05}
6|monotone/KQ|8 {'CO': -0.0, 'BTN': 0.0, 'SB': 0.0, 'BB': 0.0}
6|paired/A|1 {'CO': 0.0, 'BTN': 0.0, 'SB': 0.00023, 'BB': 0.00021}
6|paired/A|2 {'CO': 0.0, 'BTN': 0.0, 'SB': 0.0001, 'BB': 7e-05}
6|paired/A|3 {'CO': -0.0, 'BTN': 0.0, 'SB': 7e-05, 'BB': 7e-05}
6|paired/A|4 {'CO': -0.0, 'BTN': 0.0, 'SB': 2e-05, 'BB': 7e-05}
6|paired/A|5 {'CO': -0.0, 'BTN': 0.0, 'SB': 3e-05, 'BB': 4e-05}
6|paired/A|6 {'CO': -0.0, 'BTN': 0.0, 'SB': 0.0001, 'BB': 5e-05}
6|paired/A|7 {'CO': -0.0, 'BTN': 0.0, 'SB': 9e-05, 'BB': 5e-05}
6|paired/A|8 {'CO': 0.0, 'BTN': 0.0, 'SB': 0.00011, 'BB': 6e-05}
6|paired/J_or_lower|1 {'CO': 0.0, 'BTN': 0.0, 'SB': 0.001, 'BB': 0.0011}
6|paired/J_or_lower|2 {'CO': 0.0, 'BTN': 0.0, 'SB': 0.00097, 'BB': 0.0004}
6|paired/J_or_lower|3 {'CO': 0.0, 'BTN': 0.0, 'SB': 0.00077, 'BB': 0.0001}
6|paired/J_or_lower|4 {'CO': -0.0, 'BTN': 0.0, 'SB': 0.00069, 'BB': 0.00039}
6|paired/J_or_lower|5 {'CO': 0.0, 'BTN': 0.0, 'SB': 0.00049, 'BB': 0.00069}
6|paired/J_or_lower|6 {'CO': 0.0, 'BTN': 0.0, 'SB': 0.00079, 'BB': 0.00032}
6|paired/J_or_lower|7 {'CO': -0.0, 'BTN': 0.0, 'SB': 0.00082, 'BB': 0.00049}
6|paired/J_or_lower|8 {'CO': -0.0, 'BTN': 0.0, 'SB': 0.00064, 'BB': 0.00065}
6|paired/KQ|1 {'CO': -0.0, 'BTN': 0.0, 'SB': 1e-05, 'BB': 1e-05}
6|paired/KQ|2 {'CO': -0.0, 'BTN': 0.0, 'SB': 9e-05, 'BB': 0.0001}
6|paired/KQ|3 {'CO': -0.0, 'BTN': 0.0, 'SB': 4e-05, 'BB': 1e-05}
6|paired/KQ|4 {'CO': 0.0, 'BTN': 0.0, 'SB': 7e-05, 'BB': 9e-05}
6|paired/KQ|5 {'CO': -0.0, 'BTN': 0.0, 'SB': 4e-05, 'BB': 2e-05}
6|paired/KQ|6 {'CO': -0.0, 'BTN': 0.0, 'SB': 8e-05, 'BB': 0.00013}
6|paired/KQ|7 {'CO': -0.0, 'BTN': 0.0, 'SB': 0.00019, 'BB': 0.00012}
6|paired/KQ|8 {'CO': 0.0, 'BTN': 0.0, 'SB': 5e-05, 'BB': 5e-05}
6|rainbow/A|1 {'CO': 0.0, 'BTN': 0.0, 'SB': 0.00045, 'BB': 0.00028}
6|rainbow/A|2 {'CO': -0.0, 'BTN': 0.0, 'SB': 0.00042, 'BB': 0.00015}
6|rainbow/A|3 {'CO': 0.0, 'BTN': 0.0, 'SB': 0.00018, 'BB': 6e-05}
6|rainbow/A|4 {'CO': -0.0, 'BTN': 0.0, 'SB': 9e-05, 'BB': 8e-05}
6|rainbow/A|5 {'CO': 0.0, 'BTN': 0.0, 'SB': 0.0001, 'BB': 0.00015}
6|rainbow/A|6 {'CO': -0.0, 'BTN': 0.0, 'SB': 0.0001, 'BB': 5e-05}
6|rainbow/A|7 {'CO': -0.0, 'BTN': 0.0, 'SB': 9e-05, 'BB': 7e-05}
6|rainbow/A|8 {'CO': -0.0, 'BTN': 0.0, 'SB': 4e-05, 'BB': 8e-05}
6|rainbow/J_or_lower|1 {'CO': 0.0, 'BTN': 0.0, 'SB': 0.00058, 'BB': 0.00095}
6|rainbow/J_or_lower|2 {'CO': -0.0, 'BTN': 0.0, 'SB': 0.00162, 'BB': 0.0013}
6|rainbow/J_or_lower|3 {'CO': 0.0, 'BTN': 0.0, 'SB': 0.00106, 'BB': 0.00075}
6|rainbow/J_or_lower|4 {'CO': -0.0, 'BTN': 0.0, 'SB': 0.00191, 'BB': 0.00148}
6|rainbow/J_or_lower|5 {'CO': -0.0, 'BTN': 0.0, 'SB': 0.0004, 'BB': 0.00064}
6|rainbow/J_or_lower|6 {'CO': -0.0, 'BTN': 0.0, 'SB': 0.00185, 'BB': 0.00077}
6|rainbow/J_or_lower|7 {'CO': -0.0, 'BTN': 0.0, 'SB': 0.00129, 'BB': 0.00172}
6|rainbow/J_or_lower|8 {'CO': -0.0, 'BTN': 0.0, 'SB': 0.00047, 'BB': 0.00022}
6|rainbow/KQ|1 {'CO': -0.0, 'BTN': 0.0, 'SB': 0.00093, 'BB': 0.00016}
6|rainbow/KQ|2 {'CO': -0.0, 'BTN': 0.0, 'SB': 0.00015, 'BB': 0.0001}
6|rainbow/KQ|3 {'CO': 0.0, 'BTN': 0.0, 'SB': 0.00012, 'BB': 8e-05}
