identity chain max |d gross| vs A3 used_14: {28: 0.0, 6: 0.0}
91 preflop replicates
identity 0 0.5008
both 1 0.5785
both 2 0.5242
both 3 0.5485
both 4 0.4679
both 5 0.5729
both 6 0.5635
both 7 0.5948
both 8 0.5766
both 9 0.5746
both 10 0.5718
both 11 0.5671
both 12 0.5944
both 13 0.5303
both 14 0.4479
both 15 0.5704
both 16 0.4941
both 17 0.5345
both 18 0.5419
both 19 0.549
both 20 0.5831
both 21 0.5056
both 22 0.5672
both 23 0.5641
both 24 0.5401
both 25 0.5457
both 26 0.6142
both 27 0.6427
both 28 0.5005
both 29 0.5622
both 30 0.5817
only28 1 0.5008
only28 2 0.5009
only28 3 0.5008
only28 4 0.5008
only28 5 0.5009
only28 6 0.5008
only28 7 0.5008
only28 8 0.5008
only28 9 0.5011
only28 10 0.5008
only28 11 0.5009
only28 12 0.5007
only28 13 0.5009
only28 14 0.5008
only28 15 0.5008
only28 16 0.5008
only28 17 0.5007
only28 18 0.501
only28 19 0.5009
only28 20 0.5008
only28 21 0.5008
only28 22 0.5009
only28 23 0.5008
only28 24 0.5009
only28 25 0.5008
only28 26 0.5009
only28 27 0.5008
only28 28 0.5007
only28 29 0.5008
only28 30 0.5008
only6 1 0.5785
only6 2 0.5241
only6 3 0.5479
only6 4 0.468
only6 5 0.5729
only6 6 0.5634
only6 7 0.595
only6 8 0.5766
only6 9 0.5748
only6 10 0.5716
only6 11 0.5669
only6 12 0.5945
only6 13 0.5303
only6 14 0.4479
only6 15 0.5706
only6 16 0.4926
only6 17 0.5343
only6 18 0.5419
only6 19 0.549
only6 20 0.5831
only6 21 0.5056
only6 22 0.5672
only6 23 0.564
only6 24 0.5402
only6 25 0.546
only6 26 0.6141
only6 27 0.6433
only6 28 0.508
only6 29 0.5621
only6 30 0.5817
