POST_GATE {"6": {"ok": 87, "of": 88, "quarantined": [], "nonconverged_at_cap_pending_user": [], "accepted_exception_nonconverged": ["Kc9h9d"]}, "28": {"ok": 74, "of": 74, "quarantined": [], "nonconverged_at_cap_pending_user": [], "accepted_exception_nonconverged": []}} ok
STEP tables 2026-10-02T17:34:49Z
{
 "V144_node6_vs_table_measured_144_max_abs": 0.0,
 "node6_boards": {
  "total": 232,
  "new": 88
 },
 "node6_unallocated_bb": {
  "V144": 0.008016188779018663,
  "Vext": 0.011667751144181615
 },
 "node6_new_flops": {
  "count": 88,
  "max_expl_pct_pot": 0.30251012452929915,
  "mean_expl_pct_pot": 0.2633018037580649,
  "cpu_h": 14.071053642018331,
  "iterations_mean": 116.76136363636364
 },
 "V144_node28_vs_table_measured_144_max_abs": 0.0,
 "node28_boards": {
  "total": 218,
  "new": 74
 },
 "node28_unallocated_bb": {
  "V144": -0.004931295668388458,
  "Vext": 0.0026134776170545493
 },
 "node28_new_flops": {
  "count": 74,
  "max_expl_pct_pot": 0.298929709130387,
  "mean_expl_pct_pot": 0.2414679191284743,
  "cpu_h": 10.28292425195,
  "iterations_mean": 116.89189189189189
 },
 "convergence_status_new_boards": {
  "target_converged": 161,
  "accepted_exception_nonconverged": [
   "node6/Kc9h9d"
  ],
  "label": "161/162 target-converged + 1 prereg-approved capped exception(s)"
 }
}
STEP margdiag 2026-10-02T17:34:52Z
{
 "6": {
  "cell_variance_ratio_split_over_pooled": {
   "table": {
    "cells": 338,
    "median": 0.9832615062377374,
    "q05": 0.9523954506950157,
    "q95": 0.9967333937949351,
    "min": 0.9194856680689735,
    "max": 0.9990812062886432
   },
   "new_part": {
    "cells": 338,
    "median": 0.9668206560932323,
    "q05": 0.896152669992587,
    "q95": 0.9935831266369219,
    "min": 0.7979430308418235,
    "max": 0.9988030078890214
   }
  },
  "cells_skipped_zero_variance": 0,
  "reach_weighted_value": {
   "var_split": 2.463528667543055e-05,
   "var_pooled": 2.4826928696608652e-05,
   "ratio_table": 0.9922808808322602,
   "ratio_new_part": 0.9826464957588106
  }
 },
 "28": {
  "cell_variance_ratio_split_over_pooled": {
   "table": {
    "cells": 338,
    "median": 0.9961097528253418,
    "q05": 0.9705680201571646,
    "q95": 0.9998249473895708,
    "min": 0.9521842802004667,
    "max": 0.9999879018019211
   },
   "new_part": {
    "cells": 338,
    "median": 0.9897023279696067,
    "q05": 0.9412900452531767,
    "q95": 0.9996151774998314,
    "min": 0.9046050225186044,
    "max": 0.9999645365276326
   }
  },
  "cells_skipped_zero_variance": 0,
  "reach_weighted_value": {
   "var_split": 4.17119651907084e-05,
   "var_pooled": 4.182456743942807e-05,
   "ratio_table": 0.9973077486364265,
   "ratio_new_part": 0.990056229392232
  }
 }
}
STEP points 2026-10-02T17:34:55Z
Gext SB raise 0.5924 G144 re-solve identical True
STEP lobo 2026-10-02T17:37:41Z
Traceback (most recent call last):
  File "/home/user/t2/tools/gto_hu_continuation/a4c_run.py", line 467, in <module>
    {'tables': tables, 'points': points, 'boot': boot, 'margdiag': margdiag, 'lobo': lobo}[a.cmd](a)
  File "/home/user/t2/tools/gto_hu_continuation/a4c_run.py", line 361, in lobo
    sw = swap_metrics(G, gd, L, ld, OUT + 'points/lobo_swaps', base)
         ^^^^^^^^^^^^^^^^^^^^^^^^^^^^^^^^^^^^^^^^^^^^^^^^^^^^^^^^^^^
  File "/home/user/t2/tools/gto_hu_continuation/a4c_run.py", line 242, in swap_metrics
    s = A.splice(game, donor, seat, root, os.path.join(out_dir, f'swap_{name}.json'))
        ^^^^^^^^^^^^^^^^^^^^^^^^^^^^^^^^^^^^^^^^^^^^^^^^^^^^^^^^^^^^^^^^^^^^^^^^^^^^^
  File "/home/user/t2/tools/gto_hu_continuation/a4r_robust.py", line 36, in splice
    subprocess.run([BIN + '/t2_splice_eval', game['profile'], donor['profile'], str(seat), root, out], check=True, env=env(game['manifest']),
  File "/usr/lib/python3.11/subprocess.py", line 571, in run
    raise CalledProcessError(retcode, process.args,
subprocess.CalledProcessError: Command '['/home/user/t2/vendor/gtopen/target/release/examples/t2_splice_eval', '/home/user/t2/data/gto_terminal_expansion/a4c/points/Gext/profile.gtop', '/home/user/t2/data/gto_terminal_expansion/a4c/points/Gext_lobo_Kc9h9d/profile.gtop', '0', 'all', '/home/user/t2/data/gto_terminal_expansion/a4c/points/lobo_swaps/swap_CO.json']' returned non-zero exit status 1.
FAILED lobo
POST_GATE {"6": {"ok": 87, "of": 88, "quarantined": [], "nonconverged_at_cap_pending_user": [], "accepted_exception_nonconverged": ["Kc9h9d"]}, "28": {"ok": 74, "of": 74, "quarantined": [], "nonconverged_at_cap_pending_user": [], "accepted_exception_nonconverged": []}} ok
STEP tables 2026-10-02T17:39:30Z
{
 "V144_node6_vs_table_measured_144_max_abs": 0.0,
 "node6_boards": {
  "total": 232,
  "new": 88
 },
 "node6_unallocated_bb": {
  "V144": 0.008016188779018663,
  "Vext": 0.011667751144181615
 },
 "node6_new_flops": {
  "count": 88,
  "max_expl_pct_pot": 0.30251012452929915,
  "mean_expl_pct_pot": 0.2633018037580649,
  "cpu_h": 14.071053642018331,
  "iterations_mean": 116.76136363636364
 },
 "V144_node28_vs_table_measured_144_max_abs": 0.0,
 "node28_boards": {
  "total": 218,
  "new": 74
 },
 "node28_unallocated_bb": {
  "V144": -0.004931295668388458,
  "Vext": 0.0026134776170545493
 },
 "node28_new_flops": {
  "count": 74,
  "max_expl_pct_pot": 0.298929709130387,
  "mean_expl_pct_pot": 0.2414679191284743,
  "cpu_h": 10.28292425195,
  "iterations_mean": 116.89189189189189
 },
 "convergence_status_new_boards": {
  "target_converged": 161,
  "accepted_exception_nonconverged": [
   "node6/Kc9h9d"
  ],
  "label": "161/162 target-converged + 1 prereg-approved capped exception(s)"
 }
}
STEP margdiag 2026-10-02T17:39:32Z
{
 "6": {
  "cell_variance_ratio_split_over_pooled": {
   "table": {
    "cells": 338,
    "median": 0.9832615062377374,
    "q05": 0.9523954506950157,
    "q95": 0.9967333937949351,
    "min": 0.9194856680689735,
    "max": 0.9990812062886432
   },
   "new_part": {
    "cells": 338,
    "median": 0.9668206560932323,
    "q05": 0.896152669992587,
    "q95": 0.9935831266369219,
    "min": 0.7979430308418235,
    "max": 0.9988030078890214
   }
  },
  "cells_skipped_zero_variance": 0,
  "reach_weighted_value": {
   "var_split": 2.463528667543055e-05,
   "var_pooled": 2.4826928696608652e-05,
   "ratio_table": 0.9922808808322602,
   "ratio_new_part": 0.9826464957588106
  }
 },
 "28": {
  "cell_variance_ratio_split_over_pooled": {
   "table": {
    "cells": 338,
    "median": 0.9961097528253418,
    "q05": 0.9705680201571646,
    "q95": 0.9998249473895708,
    "min": 0.9521842802004667,
    "max": 0.9999879018019211
   },
   "new_part": {
    "cells": 338,
    "median": 0.9897023279696067,
    "q05": 0.9412900452531767,
    "q95": 0.9996151774998314,
    "min": 0.9046050225186044,
    "max": 0.9999645365276326
   }
  },
  "cells_skipped_zero_variance": 0,
  "reach_weighted_value": {
   "var_split": 4.17119651907084e-05,
   "var_pooled": 4.182456743942807e-05,
   "ratio_table": 0.9973077486364265,
   "ratio_new_part": 0.990056229392232
  }
 }
}
STEP points 2026-10-02T17:39:35Z
Gext SB raise 0.5924 G144 re-solve identical True
STEP lobo 2026-10-02T17:39:35Z
{
 "plan": "a4c/lobo_Kc9h9d_plan.json",
 "aggregates_lobo_minus_Gext": {
  "CO first-in": {
   "fold": 1.0951683326876349e-07,
   "raise_2": 8.21642030524039e-08,
   "jam_30": -1.9006881750958937e-07
  },
  "BTN first-in": {
   "fold": 3.011792964791038e-05,
   "raise_2": -2.4890617603301468e-05,
   "jam_30": -5.226935656903187e-06
  },
  "SB first-in": {
   "fold": 1.7531301308104652e-05,
   "raise_2.5": 0.00021992704326445622,
   "jam_30": -0.0002374639721705596
  },
  "BB vs BTN (node 28 parent)": {
   "Fold": 8.122880035821289e-07,
   "Call 2": 2.72596907702205e-06,
   "3-bet 7": 1.6810717816452315e-07,
   "All-in 30": -3.707219130816286e-06
  },
  "BB vs SB (node 6 parent)": {
   "Fold": -9.90038264452528e-05,
   "Call 2.5": 0.0003359489357718237,
   "3-bet 8.8": 1.3825938247193941e-06,
   "All-in 30": -0.00023833132439926574
  }
 },
 "seat_ev_lobo_minus_Gext": {
  "CO": -2.0749670861380798e-07,
  "BTN": 4.646274501057812e-06,
  "SB": -0.0002533559921049644,
  "BB": -0.00017491694048626938
 },
 "seat_swap_dEV_lobo_into_Gext": {
  "CO": -4.279448443528233e-08,
  "BTN": -1.3493080736060037e-07,
  "SB": -7.821424371501351e-07,
  "BB": 6.827204305809298e-06
 },
 "regret_excess_lobo_in_Gext": {
  "BTN first-in": -1.2098606666073e-07,
  "SB vs BTN": -1.2721620910581796e-05,
  "BB vs BTN": -9.093698064204859e-07,
  "SB first-in": 5.72262708254588e-06,
  "BB vs SB": 2.9465496513465887e-05
 },
 "L1_gext_reach": {
  "BTN first-in": 0.00019491085132286958,
  "SB vs BTN": 0.0005025411236323832,
  "BB vs BTN": 0.00036168816949909546,
  "SB first-in": 0.004048352705473767,
  "BB vs SB": 0.007542873517667447
 },
 "max_check": 5.273559366969494e-16,
 "hand_level": {
  "BTN first-in": {
   "policy_argmax_switch": {
    "count_gext_reach_live": 0,
    "share_gext_reach (primary)": 0.0,
    "share_lobo_reach (secondary)": 0.0
   },
   "EV_argmax_switch (optional)": {
    "count_gext_reach_live": 2,
    "share_gext_reach": 0.018099547620879574
   },
   "strategy_L1": {
    "gext_reach (primary)": 0.00019491085132286958,
    "lobo_reach (secondary)": 0.00019491085132286958
   },
   "classes_switched_policy_argmax": [],
   "switch_gaps": {
    "policy": {},
    "EV_bb": {
     "116": {
      "gext": 0.0001735732597767381,
      "lobo": 1.1847582541135715e-05
     },
     "141": {
      "gext": 9.051718412544929e-05,
      "lobo": 0.00011240855130728589
     }
    }
   }
  },
  "SB vs BTN": {
   "policy_argmax_switch": {
    "count_gext_reach_live": 0,
    "share_gext_reach (primary)": 0.0,
    "share_lobo_reach (secondary)": 0.0
   },
   "EV_argmax_switch (optional)": {
    "count_gext_reach_live": 1,
    "share_gext_reach": 0.009049773810439787
   },
   "strategy_L1": {
    "gext_reach (primary)": 0.0005025411236323832,
    "lobo_reach (secondary)": 0.0005025411236323832
   },
   "classes_switched_policy_argmax": [],
   "switch_gaps": {
    "policy": {},
    "EV_bb": {
     "103": {
      "gext": 0.002522018036172552,
      "lobo": 0.004524228320421736
     }
    }
   }
  },
  "BB vs BTN": {
   "policy_argmax_switch": {
    "count_gext_reach_live": 0,
    "share_gext_reach (primary)": 0.0,
    "share_lobo_reach (secondary)": 0.0
   },
   "EV_argmax_switch (optional)": {
    "count_gext_reach_live": 1,
    "share_gext_reach": 0.009049773810439787
   },
   "strategy_L1": {
    "gext_reach (primary)": 0.00036168816949909546,
    "lobo_reach (secondary)": 0.00036168816949909546
   },
   "classes_switched_policy_argmax": [],
   "switch_gaps": {
    "policy": {},
    "EV_bb": {
     "114": {
      "gext": 0.0002376550467799443,
      "lobo": 4.662814402697779e-05
     }
    }
   }
  },
  "SB first-in": {
   "policy_argmax_switch": {
    "count_gext_reach_live": 1,
    "share_gext_reach (primary)": 0.0030165911925363843,
    "share_lobo_reach (secondary)": 0.0030165911925363843
   },
   "EV_argmax_switch (optional)": {
    "count_gext_reach_live": 2,
    "share_gext_reach": 0.018099547620879574
   },
   "strategy_L1": {
    "gext_reach (primary)": 0.004048352705473767,
    "lobo_reach (secondary)": 0.004048352705473767
   },
   "classes_switched_policy_argmax": [
    117
   ],
   "switch_gaps": {
    "policy": {
     "117": {
      "gext": 0.2114090621471405,
      "lobo": 0.2639884054660797
     }
    },
    "EV_bb": {
     "128": {
      "gext": 3.977742254918093e-05,
      "lobo": 0.0003093873257123958
     },
     "141": {
      "gext": 0.00018317905406106672,
      "lobo": 0.000376973973527428
     }
    }
   }
  },
  "BB vs SB": {
   "policy_argmax_switch": {
    "count_gext_reach_live": 0,
    "share_gext_reach (primary)": 0.0,
    "share_lobo_reach (secondary)": 0.0
   },
   "EV_argmax_switch (optional)": {
    "count_gext_reach_live": 3,
    "share_gext_reach": 0.02111613881341596
   },
   "strategy_L1": {
    "gext_reach (primary)": 0.007542873517667447,
    "lobo_reach (secondary)": 0.007542873517667447
   },
   "classes_switched_policy_argmax": [],
   "switch_gaps": {
    "policy": {},
    "EV_bb": {
     "11": {
      "gext": 0.0010468529175727825,
      "lobo": 0.000397761122546858
     },
     "23": {
      "gext": 0.0007029021451513406,
      "lobo": 0.0005367236756005367
     },
     "95": {
      "gext": 0.016353267629516235,
      "lobo": 0.000633086886110662
     }
    }
   }
  }
 },
 "definitions": {
  "policy_argmax_switch": "most-frequent-policy-action switch (not best-EV action switch)",
  "EV_argmax_switch": "highest-action-EV switch (optional)",
  "weighting": "primary = Gext baseline class reach at the node; secondary = LOBO reach"
 },
 "note": "practical sensitivity of the whole board, not a bound on its solver residual; primary results and panel unchanged"
}
STEP boot 2026-10-02T17:39:44Z
rep 1 errext seat {'CO': -0.0, 'BTN': 0.00065, 'SB': 0.00233, 'BB': 0.0025}
rep 2 errext seat {'CO': -0.0, 'BTN': 0.00015, 'SB': 0.00242, 'BB': 0.0022}
rep 3 errext seat {'CO': -0.0, 'BTN': 0.00019, 'SB': 0.00139, 'BB': 0.00156}
rep 4 errext seat {'CO': -0.0, 'BTN': 0.00028, 'SB': 0.00191, 'BB': 0.00148}
rep 5 errext seat {'CO': -0.0, 'BTN': 0.00018, 'SB': 0.00176, 'BB': 0.00101}
rep 6 errext seat {'CO': -0.0, 'BTN': 0.00032, 'SB': 0.00187, 'BB': 0.00194}
rep 7 errext seat {'CO': -0.0, 'BTN': 0.00073, 'SB': 0.00246, 'BB': 0.00312}
rep 8 errext seat {'CO': -0.0, 'BTN': 0.00041, 'SB': 0.00229, 'BB': 0.00248}
rep 9 errext seat {'CO': 0.0, 'BTN': 0.00087, 'SB': 0.00304, 'BB': 0.00292}
rep 10 errext seat {'CO': -0.0, 'BTN': 0.00018, 'SB': 0.0025, 'BB': 0.00203}
rep 11 errext seat {'CO': -0.0, 'BTN': 0.00047, 'SB': 0.00277, 'BB': 0.00422}
rep 12 errext seat {'CO': -0.0, 'BTN': 0.00099, 'SB': 0.00186, 'BB': 0.003}
rep 13 errext seat {'CO': 0.0, 'BTN': 0.00027, 'SB': 0.00257, 'BB': 0.00193}
rep 14 errext seat {'CO': -0.0, 'BTN': 0.00099, 'SB': 0.00255, 'BB': 0.00369}
rep 15 errext seat {'CO': -0.0, 'BTN': 0.00077, 'SB': 0.00202, 'BB': 0.0024}
rep 16 errext seat {'CO': -0.0, 'BTN': 0.00051, 'SB': 0.00451, 'BB': 0.00262}
rep 17 errext seat {'CO': -0.0, 'BTN': 0.00035, 'SB': 0.0023, 'BB': 0.00148}
rep 18 errext seat {'CO': -0.0, 'BTN': 0.00038, 'SB': 0.00284, 'BB': 0.00221}
rep 19 errext seat {'CO': -0.0, 'BTN': 0.0002, 'SB': 0.00124, 'BB': 0.00151}
rep 20 errext seat {'CO': 0.0, 'BTN': 0.00063, 'SB': 0.00209, 'BB': 0.00276}
rep 21 errext seat {'CO': -0.0, 'BTN': 0.00067, 'SB': 0.00156, 'BB': 0.00199}
rep 22 errext seat {'CO': -0.0, 'BTN': 0.00056, 'SB': 0.00352, 'BB': 0.003}
rep 23 errext seat {'CO': -0.0, 'BTN': 0.00011, 'SB': 0.00149, 'BB': 0.00194}
rep 24 errext seat {'CO': -0.0, 'BTN': 0.00076, 'SB': 0.00219, 'BB': 0.00153}
rep 25 errext seat {'CO': -0.0, 'BTN': 0.00027, 'SB': 0.0021, 'BB': 0.00201}
rep 26 errext seat {'CO': -0.0, 'BTN': 0.00041, 'SB': 0.00225, 'BB': 0.00228}
rep 27 errext seat {'CO': -0.0, 'BTN': 0.00028, 'SB': 0.00251, 'BB': 0.0026}
rep 28 errext seat {'CO': -0.0, 'BTN': 0.00028, 'SB': 0.00145, 'BB': 0.00132}
rep 29 errext seat {'CO': -0.0, 'BTN': 0.00073, 'SB': 0.00184, 'BB': 0.00201}
rep 30 errext seat {'CO': -0.0, 'BTN': 0.00015, 'SB': 0.00293, 'BB': 0.00236}
rep 31 errext seat {'CO': -0.0, 'BTN': 0.00018, 'SB': 0.00227, 'BB': 0.00213}
rep 32 errext seat {'CO': -0.0, 'BTN': 0.00028, 'SB': 0.00057, 'BB': 0.00128}
rep 33 errext seat {'CO': 0.0, 'BTN': 0.00021, 'SB': 0.00238, 'BB': 0.00141}
rep 34 errext seat {'CO': -0.0, 'BTN': 0.00068, 'SB': 0.00425, 'BB': 0.00271}
rep 35 errext seat {'CO': -0.0, 'BTN': 0.00039, 'SB': 0.00198, 'BB': 0.00194}
rep 36 errext seat {'CO': -0.0, 'BTN': 0.0003, 'SB': 0.0022, 'BB': 0.00123}
rep 37 errext seat {'CO': 0.0, 'BTN': 0.00069, 'SB': 0.00179, 'BB': 0.00121}
POST_GATE {"6": {"ok": 87, "of": 88, "quarantined": [], "nonconverged_at_cap_pending_user": [], "accepted_exception_nonconverged": ["Kc9h9d"]}, "28": {"ok": 74, "of": 74, "quarantined": [], "nonconverged_at_cap_pending_user": [], "accepted_exception_nonconverged": []}} ok
STEP tables 2026-10-02T19:39:50Z
{
 "V144_node6_vs_table_measured_144_max_abs": 0.0,
 "node6_boards": {
  "total": 232,
  "new": 88
 },
 "node6_unallocated_bb": {
  "V144": 0.008016188779018663,
  "Vext": 0.011667751144181615
 },
 "node6_new_flops": {
  "count": 88,
  "max_expl_pct_pot": 0.30251012452929915,
  "mean_expl_pct_pot": 0.2633018037580649,
  "cpu_h": 14.071053642018331,
  "iterations_mean": 116.76136363636364
 },
 "V144_node28_vs_table_measured_144_max_abs": 0.0,
 "node28_boards": {
  "total": 218,
  "new": 74
 },
 "node28_unallocated_bb": {
  "V144": -0.004931295668388458,
  "Vext": 0.0026134776170545493
 },
 "node28_new_flops": {
  "count": 74,
  "max_expl_pct_pot": 0.298929709130387,
  "mean_expl_pct_pot": 0.2414679191284743,
  "cpu_h": 10.28292425195,
  "iterations_mean": 116.89189189189189
 },
 "convergence_status_new_boards": {
  "target_converged": 161,
  "accepted_exception_nonconverged": [
   "node6/Kc9h9d"
  ],
  "label": "161/162 target-converged + 1 prereg-approved capped exception(s)"
 }
}
STEP margdiag 2026-10-02T19:39:53Z
{
 "6": {
  "cell_variance_ratio_split_over_pooled": {
   "table": {
    "cells": 338,
    "median": 0.9832615062377374,
    "q05": 0.9523954506950157,
    "q95": 0.9967333937949351,
    "min": 0.9194856680689735,
    "max": 0.9990812062886432
   },
   "new_part": {
    "cells": 338,
    "median": 0.9668206560932323,
    "q05": 0.896152669992587,
    "q95": 0.9935831266369219,
    "min": 0.7979430308418235,
    "max": 0.9988030078890214
   }
  },
  "cells_skipped_zero_variance": 0,
  "reach_weighted_value": {
   "var_split": 2.463528667543055e-05,
   "var_pooled": 2.4826928696608652e-05,
   "ratio_table": 0.9922808808322602,
   "ratio_new_part": 0.9826464957588106
  }
 },
 "28": {
  "cell_variance_ratio_split_over_pooled": {
   "table": {
    "cells": 338,
    "median": 0.9961097528253418,
    "q05": 0.9705680201571646,
    "q95": 0.9998249473895708,
    "min": 0.9521842802004667,
    "max": 0.9999879018019211
   },
   "new_part": {
    "cells": 338,
    "median": 0.9897023279696067,
    "q05": 0.9412900452531767,
    "q95": 0.9996151774998314,
    "min": 0.9046050225186044,
    "max": 0.9999645365276326
   }
  },
  "cells_skipped_zero_variance": 0,
  "reach_weighted_value": {
   "var_split": 4.17119651907084e-05,
   "var_pooled": 4.182456743942807e-05,
   "ratio_table": 0.9973077486364265,
   "ratio_new_part": 0.990056229392232
  }
 }
}
STEP points 2026-10-02T19:39:55Z
Gext SB raise 0.5924 G144 re-solve identical True
STEP lobo 2026-10-02T19:39:56Z
{
 "plan": "a4c/lobo_Kc9h9d_plan.json",
 "aggregates_lobo_minus_Gext": {
  "CO first-in": {
   "fold": 1.0951683326876349e-07,
   "raise_2": 8.21642030524039e-08,
   "jam_30": -1.9006881750958937e-07
  },
  "BTN first-in": {
   "fold": 3.011792964791038e-05,
   "raise_2": -2.4890617603301468e-05,
   "jam_30": -5.226935656903187e-06
  },
  "SB first-in": {
   "fold": 1.7531301308104652e-05,
   "raise_2.5": 0.00021992704326445622,
   "jam_30": -0.0002374639721705596
  },
  "BB vs BTN (node 28 parent)": {
   "Fold": 8.122880035821289e-07,
   "Call 2": 2.72596907702205e-06,
   "3-bet 7": 1.6810717816452315e-07,
   "All-in 30": -3.707219130816286e-06
  },
  "BB vs SB (node 6 parent)": {
   "Fold": -9.90038264452528e-05,
   "Call 2.5": 0.0003359489357718237,
   "3-bet 8.8": 1.3825938247193941e-06,
   "All-in 30": -0.00023833132439926574
  }
 },
 "seat_ev_lobo_minus_Gext": {
  "CO": -2.0749670861380798e-07,
  "BTN": 4.646274501057812e-06,
  "SB": -0.0002533559921049644,
  "BB": -0.00017491694048626938
 },
 "seat_swap_dEV_lobo_into_Gext": {
  "CO": -4.279448443528233e-08,
  "BTN": -1.3493080736060037e-07,
  "SB": -7.821424371501351e-07,
  "BB": 6.827204305809298e-06
 },
 "regret_excess_lobo_in_Gext": {
  "BTN first-in": -1.2098606666073e-07,
  "SB vs BTN": -1.2721620910581796e-05,
  "BB vs BTN": -9.093698064204859e-07,
  "SB first-in": 5.72262708254588e-06,
  "BB vs SB": 2.9465496513465887e-05
 },
 "L1_gext_reach": {
  "BTN first-in": 0.00019491085132286958,
  "SB vs BTN": 0.0005025411236323832,
  "BB vs BTN": 0.00036168816949909546,
  "SB first-in": 0.004048352705473767,
  "BB vs SB": 0.007542873517667447
 },
 "max_check": 5.273559366969494e-16,
 "hand_level": {
  "BTN first-in": {
   "policy_argmax_switch": {
    "count_gext_reach_live": 0,
    "share_gext_reach (primary)": 0.0,
    "share_lobo_reach (secondary)": 0.0
   },
   "EV_argmax_switch (optional)": {
    "count_gext_reach_live": 2,
    "share_gext_reach": 0.018099547620879574
   },
   "strategy_L1": {
    "gext_reach (primary)": 0.00019491085132286958,
    "lobo_reach (secondary)": 0.00019491085132286958
   },
   "classes_switched_policy_argmax": [],
   "switch_gaps": {
    "policy": {},
    "EV_bb": {
     "116": {
      "gext": 0.0001735732597767381,
      "lobo": 1.1847582541135715e-05
     },
     "141": {
      "gext": 9.051718412544929e-05,
      "lobo": 0.00011240855130728589
     }
    }
   }
  },
  "SB vs BTN": {
   "policy_argmax_switch": {
    "count_gext_reach_live": 0,
    "share_gext_reach (primary)": 0.0,
    "share_lobo_reach (secondary)": 0.0
   },
   "EV_argmax_switch (optional)": {
    "count_gext_reach_live": 1,
    "share_gext_reach": 0.009049773810439787
   },
   "strategy_L1": {
    "gext_reach (primary)": 0.0005025411236323832,
    "lobo_reach (secondary)": 0.0005025411236323832
   },
   "classes_switched_policy_argmax": [],
   "switch_gaps": {
    "policy": {},
    "EV_bb": {
     "103": {
      "gext": 0.002522018036172552,
      "lobo": 0.004524228320421736
     }
    }
   }
  },
  "BB vs BTN": {
   "policy_argmax_switch": {
    "count_gext_reach_live": 0,
    "share_gext_reach (primary)": 0.0,
    "share_lobo_reach (secondary)": 0.0
   },
   "EV_argmax_switch (optional)": {
    "count_gext_reach_live": 1,
    "share_gext_reach": 0.009049773810439787
   },
   "strategy_L1": {
    "gext_reach (primary)": 0.00036168816949909546,
    "lobo_reach (secondary)": 0.00036168816949909546
   },
   "classes_switched_policy_argmax": [],
   "switch_gaps": {
    "policy": {},
    "EV_bb": {
     "114": {
      "gext": 0.0002376550467799443,
      "lobo": 4.662814402697779e-05
     }
    }
   }
  },
  "SB first-in": {
   "policy_argmax_switch": {
    "count_gext_reach_live": 1,
    "share_gext_reach (primary)": 0.0030165911925363843,
    "share_lobo_reach (secondary)": 0.0030165911925363843
   },
   "EV_argmax_switch (optional)": {
    "count_gext_reach_live": 2,
    "share_gext_reach": 0.018099547620879574
   },
   "strategy_L1": {
    "gext_reach (primary)": 0.004048352705473767,
    "lobo_reach (secondary)": 0.004048352705473767
   },
   "classes_switched_policy_argmax": [
    117
   ],
   "switch_gaps": {
    "policy": {
     "117": {
      "gext": 0.2114090621471405,
      "lobo": 0.2639884054660797
     }
    },
    "EV_bb": {
     "128": {
      "gext": 3.977742254918093e-05,
      "lobo": 0.0003093873257123958
     },
     "141": {
      "gext": 0.00018317905406106672,
      "lobo": 0.000376973973527428
     }
    }
   }
  },
  "BB vs SB": {
   "policy_argmax_switch": {
    "count_gext_reach_live": 0,
    "share_gext_reach (primary)": 0.0,
    "share_lobo_reach (secondary)": 0.0
   },
   "EV_argmax_switch (optional)": {
    "count_gext_reach_live": 3,
    "share_gext_reach": 0.02111613881341596
   },
   "strategy_L1": {
    "gext_reach (primary)": 0.007542873517667447,
    "lobo_reach (secondary)": 0.007542873517667447
   },
   "classes_switched_policy_argmax": [],
   "switch_gaps": {
    "policy": {},
    "EV_bb": {
     "11": {
      "gext": 0.0010468529175727825,
      "lobo": 0.000397761122546858
     },
     "23": {
      "gext": 0.0007029021451513406,
      "lobo": 0.0005367236756005367
     },
     "95": {
      "gext": 0.016353267629516235,
      "lobo": 0.000633086886110662
     }
    }
   }
  }
 },
 "definitions": {
  "policy_argmax_switch": "most-frequent-policy-action switch (not best-EV action switch)",
  "EV_argmax_switch": "highest-action-EV switch (optional)",
  "weighting": "primary = Gext baseline class reach at the node; secondary = LOBO reach"
 },
 "note": "practical sensitivity of the whole board, not a bound on its solver residual; primary results and panel unchanged"
}
STEP boot 2026-10-02T19:39:58Z
rep 38 errext seat {'CO': 0.0, 'BTN': 0.00082, 'SB': 0.00241, 'BB': 0.00317}
rep 39 errext seat {'CO': -0.0, 'BTN': 0.00113, 'SB': 0.00253, 'BB': 0.00274}
rep 40 errext seat {'CO': -0.0, 'BTN': 0.00043, 'SB': 0.00188, 'BB': 0.00187}
rep 41 errext seat {'CO': -0.0, 'BTN': 7e-05, 'SB': 0.00278, 'BB': 0.00141}
rep 42 errext seat {'CO': -0.0, 'BTN': 0.00058, 'SB': 0.00417, 'BB': 0.00215}
rep 43 errext seat {'CO': -0.0, 'BTN': 0.00022, 'SB': 0.00096, 'BB': 0.00119}
rep 44 errext seat {'CO': -0.0, 'BTN': 0.00018, 'SB': 0.00353, 'BB': 0.00137}
rep 45 errext seat {'CO': -0.0, 'BTN': 0.00038, 'SB': 0.00141, 'BB': 0.00107}
rep 46 errext seat {'CO': -0.0, 'BTN': 0.0006, 'SB': 0.00257, 'BB': 0.00218}
rep 47 errext seat {'CO': -0.0, 'BTN': 0.00081, 'SB': 0.00364, 'BB': 0.00358}
rep 48 errext seat {'CO': -0.0, 'BTN': 0.00048, 'SB': 0.00264, 'BB': 0.003}
rep 49 errext seat {'CO': -0.0, 'BTN': 0.00044, 'SB': 0.00175, 'BB': 0.00169}
rep 50 errext seat {'CO': -0.0, 'BTN': 9e-05, 'SB': 0.00244, 'BB': 0.0031}
rep 51 errext seat {'CO': -0.0, 'BTN': 0.00022, 'SB': 0.00102, 'BB': 0.00161}
rep 52 errext seat {'CO': 0.0, 'BTN': 0.0004, 'SB': 0.00253, 'BB': 0.00247}
rep 53 errext seat {'CO': -0.0, 'BTN': 0.00016, 'SB': 0.00225, 'BB': 0.00242}
rep 54 errext seat {'CO': -0.0, 'BTN': 0.00064, 'SB': 0.00192, 'BB': 0.0026}
rep 55 errext seat {'CO': -0.0, 'BTN': 0.0005, 'SB': 0.00238, 'BB': 0.00219}
rep 56 errext seat {'CO': -0.0, 'BTN': 0.00068, 'SB': 0.00326, 'BB': 0.00247}
rep 57 errext seat {'CO': -0.0, 'BTN': 0.00037, 'SB': 0.00342, 'BB': 0.00263}
rep 58 errext seat {'CO': -0.0, 'BTN': 0.0004, 'SB': 0.00273, 'BB': 0.00226}
rep 59 errext seat {'CO': -0.0, 'BTN': 0.0001, 'SB': 0.00159, 'BB': 0.00156}
rep 60 errext seat {'CO': -0.0, 'BTN': 0.00061, 'SB': 0.00286, 'BB': 0.00157}
STEP analyze 2026-10-02T20:51:40Z
seat:BTN               L144=0.00106 Lext=0.00045 ratio=0.422 pred=0.463 (raw 0.414) err=-0.041 vs_pred_eq24=0.956
seat:SB                L144=0.00461 Lext=0.00234 ratio=0.508 pred=0.532 (raw 0.460) err=-0.023 vs_pred_eq24=1.178
seat:BB                L144=0.00428 Lext=0.00217 ratio=0.508 pred=0.576 (raw 0.457) err=-0.069 vs_pred_eq24=0.987
regret:BTN first-in    L144=0.00141 Lext=0.00057 ratio=0.401 pred=0.455 (raw 0.406) err=-0.054 vs_pred_eq24=0.912
regret:SB vs BTN       L144=0.00020 Lext=0.00005 ratio=0.253 pred=0.599 (raw 0.532) err=-0.346 vs_pred_eq24=0.513 [diagnostic]
regret:BB vs BTN       L144=0.01208 Lext=0.00646 ratio=0.535 pred=0.577 (raw 0.458) err=-0.042 vs_pred_eq24=1.023
regret:SB first-in     L144=0.01105 Lext=0.00681 ratio=0.616 pred=0.530 (raw 0.458) err=+0.087 vs_pred_eq24=1.379
regret:BB vs SB        L144=0.01158 Lext=0.00509 ratio=0.440 pred=0.575 (raw 0.456) err=-0.135 vs_pred_eq24=0.859
{
 "classification": {
  "label": "EV-sensitive",
  "sensitive_seat_directions": [
   "BTN 144->ext",
   "SB 144->ext",
   "BB 144->ext",
   "BTN ext->144",
   "SB ext->144",
   "BB ext->144"
  ],
  "stable_under_pm1e-9": true,
  "E0": {
   "CO 144->ext": -9.861040852132306e-05,
   "BTN 144->ext": 0.0008718455491477342,
   "SB 144->ext": 0.0017004544957212688,
   "BB 144->ext": 0.0031799289761681344,
   "CO ext->144": -9.857818026386697e-05,
   "BTN ext->144": 0.00035066982292941896,
   "SB ext->144": 0.0022826729727006686,
   "BB ext->144": 0.002583793966547227
  },
  "E_q05_q95": {
   "CO 144->ext": [
    -0.00010061325781720958,
    -9.841694485981857e-05
   ],
   "BTN 144->ext": [
    0.0003801551450386075,
    0.002808214399863042
   ],
   "SB 144->ext": [
    0.0020465923728000034,
    0.00650642360516696
   ],
   "BB 144->ext": [
    0.002698447224350509,
    0.007632488483393029
   ],
   "CO ext->144": [
    -0.00010007910568396125,
    -9.842716131242609e-05
   ],
   "BTN ext->144": [
    0.00027748243107826934,
    0.002293825505127956
   ],
   "SB ext->144": [
    0.0023063892483051966,
    0.006591821980838861
   ],
   "BB ext->144": [
    0.0025352191350572883,
    0.006437558973663376
   ]
  },
  "expected_before_results": "EV-sensitive likely"
 },
 "numerical": {
  "max_floating_check": 6.461669567470185e-11,
  "floating_rule_pass": true
 },
 "fpc_paired_sensitivity": {
  "BTN": {
   "paired_share_of_contribution": 0.0902171323548079,
   "loss_change_pct_for_+-2pct_variance": 0.15738737913762277
  },
  "SB": {
   "paired_share_of_contribution": 0.17250898640464304,
   "loss_change_pct_for_+-2pct_variance": 0.28044786820938805
  },
  "BB": {
   "paired_share_of_contribution": 0.18177877949941612,
   "loss_change_pct_for_+-2pct_variance": 0.2560845816201667
  }
 },
 "panel_vs_frozen_range_proxy": {
  "BTN": {
   "measured_Lext": 0.00044692321625517973,
   "measured_L144": 0.0010580156131397471,
   "frozen_range_proxy": 0.0005,
   "ratio_ext_to_proxy": 0.8938464325103594
  },
  "SB": {
   "measured_Lext": 0.002344126667381455,
   "measured_L144": 0.004610360379627974,
   "frozen_range_proxy": 0.0034,
   "ratio_ext_to_proxy": 0.689449019818075
  },
  "BB": {
   "measured_Lext": 0.002172011469123993,
   "measured_L144": 0.00427883060495607,
   "frozen_range_proxy": 0.0022,
   "ratio_ext_to_proxy": 0.9872779405109058
  }
 },
 "hand_level_summary": {
  "BTN first-in": {
   "argmax_switch_share": 0.05731523382234447,
   "mixed_share_144": 0.09954751168200703,
   "mixed_share_ext": 0.07692307692307693,
   "regret_144_in_ext": 0.0013723716971851612,
   "regret_ext_in_144": 0.00041221439896229706,
   "L1": 0.10795124419609757
  },
  "SB vs BTN": {
   "argmax_switch_share": 0.024132730005952344,
   "mixed_share_144": 0.04977375549175756,
   "mixed_share_ext": 0.06334841620741724,
   "regret_144_in_ext": 0.00021187940265044477,
   "regret_ext_in_144": 0.0003109976929821277,
   "L1": 0.04305633609408839
  },
  "BB vs BTN": {
   "argmax_switch_share": 0.12066365072825362,
   "mixed_share_144": 0.0558069383424916,
   "mixed_share_ext": 0.09200603335142012,
   "regret_144_in_ext": 0.008955994323360207,
   "regret_ext_in_144": 0.006222266894736182,
   "L1": 0.2496481501399613
  },
  "SB first-in": {
   "argmax_switch_share": 0.06636500763278426,
   "mixed_share_144": 0.08898944239171437,
   "mixed_share_ext": 0.07239819025068767,
   "regret_144_in_ext": 0.003948763345947994,
   "regret_ext_in_144": 0.005346095917615268,
   "L1": 0.1693756170628793
  },
  "BB vs SB": {
   "argmax_switch_share": 0.1116138766849832,
   "mixed_share_144": 0.07541478167605468,
   "mixed_share_ext": 0.08446455548649447,
   "regret_144_in_ext": 0.008904114735927117,
   "regret_ext_in_144": 0.007544568676458898,
   "L1": 0.22395027715685947
  }
 },
 "G144_resolve_identical": true,
 "replicates_usable": 60
}
A4C_POST_DONE
